Archive member included to satisfy reference by file (symbol)

/opt/gcc-arm/bin/../lib/gcc/arm-none-eabi/8.2.1/../../../../arm-none-eabi/lib/thumb/v7-m/nofp/libm.a(lib_a-s_cos.o)
                              meter.o (cos)
/opt/gcc-arm/bin/../lib/gcc/arm-none-eabi/8.2.1/../../../../arm-none-eabi/lib/thumb/v7-m/nofp/libm.a(lib_a-s_sin.o)
                              meter.o (sin)
/opt/gcc-arm/bin/../lib/gcc/arm-none-eabi/8.2.1/../../../../arm-none-eabi/lib/thumb/v7-m/nofp/libm.a(lib_a-e_rem_pio2.o)
                              /opt/gcc-arm/bin/../lib/gcc/arm-none-eabi/8.2.1/../../../../arm-none-eabi/lib/thumb/v7-m/nofp/libm.a(lib_a-s_cos.o) (__ieee754_rem_pio2)
/opt/gcc-arm/bin/../lib/gcc/arm-none-eabi/8.2.1/../../../../arm-none-eabi/lib/thumb/v7-m/nofp/libm.a(lib_a-k_cos.o)
                              /opt/gcc-arm/bin/../lib/gcc/arm-none-eabi/8.2.1/../../../../arm-none-eabi/lib/thumb/v7-m/nofp/libm.a(lib_a-s_cos.o) (__kernel_cos)
/opt/gcc-arm/bin/../lib/gcc/arm-none-eabi/8.2.1/../../../../arm-none-eabi/lib/thumb/v7-m/nofp/libm.a(lib_a-k_rem_pio2.o)
                              /opt/gcc-arm/bin/../lib/gcc/arm-none-eabi/8.2.1/../../../../arm-none-eabi/lib/thumb/v7-m/nofp/libm.a(lib_a-e_rem_pio2.o) (__kernel_rem_pio2)
/opt/gcc-arm/bin/../lib/gcc/arm-none-eabi/8.2.1/../../../../arm-none-eabi/lib/thumb/v7-m/nofp/libm.a(lib_a-k_sin.o)
                              /opt/gcc-arm/bin/../lib/gcc/arm-none-eabi/8.2.1/../../../../arm-none-eabi/lib/thumb/v7-m/nofp/libm.a(lib_a-s_cos.o) (__kernel_sin)
/opt/gcc-arm/bin/../lib/gcc/arm-none-eabi/8.2.1/../../../../arm-none-eabi/lib/thumb/v7-m/nofp/libm.a(lib_a-s_fabs.o)
                              /opt/gcc-arm/bin/../lib/gcc/arm-none-eabi/8.2.1/../../../../arm-none-eabi/lib/thumb/v7-m/nofp/libm.a(lib_a-e_rem_pio2.o) (fabs)
/opt/gcc-arm/bin/../lib/gcc/arm-none-eabi/8.2.1/../../../../arm-none-eabi/lib/thumb/v7-m/nofp/libm.a(lib_a-s_floor.o)
                              /opt/gcc-arm/bin/../lib/gcc/arm-none-eabi/8.2.1/../../../../arm-none-eabi/lib/thumb/v7-m/nofp/libm.a(lib_a-k_rem_pio2.o) (floor)
/opt/gcc-arm/bin/../lib/gcc/arm-none-eabi/8.2.1/../../../../arm-none-eabi/lib/thumb/v7-m/nofp/libm.a(lib_a-s_scalbn.o)
                              /opt/gcc-arm/bin/../lib/gcc/arm-none-eabi/8.2.1/../../../../arm-none-eabi/lib/thumb/v7-m/nofp/libm.a(lib_a-k_rem_pio2.o) (scalbn)
/opt/gcc-arm/bin/../lib/gcc/arm-none-eabi/8.2.1/../../../../arm-none-eabi/lib/thumb/v7-m/nofp/libc.a(lib_a-ctype_.o)
                              main.o (_ctype_)
/opt/gcc-arm/bin/../lib/gcc/arm-none-eabi/8.2.1/../../../../arm-none-eabi/lib/thumb/v7-m/nofp/libc.a(lib_a-memcpy.o)
                              rtos/queue.o (memcpy)
/opt/gcc-arm/bin/../lib/gcc/arm-none-eabi/8.2.1/../../../../arm-none-eabi/lib/thumb/v7-m/nofp/libc.a(lib_a-memset.o)
                              meter.o (memset)
/opt/gcc-arm/bin/../lib/gcc/arm-none-eabi/8.2.1/thumb/v7-m/nofp/libgcc.a(_arm_addsubdf3.o)
                              main.o (__aeabi_dsub)
/opt/gcc-arm/bin/../lib/gcc/arm-none-eabi/8.2.1/thumb/v7-m/nofp/libgcc.a(_arm_muldivdf3.o)
                              meter.o (__aeabi_dmul)
/opt/gcc-arm/bin/../lib/gcc/arm-none-eabi/8.2.1/thumb/v7-m/nofp/libgcc.a(_arm_cmpdf2.o)
                              /opt/gcc-arm/bin/../lib/gcc/arm-none-eabi/8.2.1/../../../../arm-none-eabi/lib/thumb/v7-m/nofp/libm.a(lib_a-e_rem_pio2.o) (__aeabi_dcmpeq)
/opt/gcc-arm/bin/../lib/gcc/arm-none-eabi/8.2.1/thumb/v7-m/nofp/libgcc.a(_arm_fixdfsi.o)
                              meter.o (__aeabi_d2iz)
/opt/gcc-arm/bin/../lib/gcc/arm-none-eabi/8.2.1/thumb/v7-m/nofp/libgcc.a(_arm_truncdfsf2.o)
                              main.o (__aeabi_d2f)
/opt/gcc-arm/bin/../lib/gcc/arm-none-eabi/8.2.1/thumb/v7-m/nofp/libgcc.a(_arm_addsubsf3.o)
                              meter.o (__aeabi_i2f)
/opt/gcc-arm/bin/../lib/gcc/arm-none-eabi/8.2.1/thumb/v7-m/nofp/libgcc.a(_arm_muldivsf3.o)
                              meter.o (__aeabi_fmul)
/opt/gcc-arm/bin/../lib/gcc/arm-none-eabi/8.2.1/thumb/v7-m/nofp/libgcc.a(_arm_cmpsf2.o)
                              meter.o (__aeabi_fcmplt)
/home/username/stm32/stm32f103c8t6//rtos/libwwg/libwwg.a(usbcdc.o)
                              main.o (usb_start)
/home/username/stm32/stm32f103c8t6//rtos/libwwg/libwwg.a(miniprintf.o)
                              /home/username/stm32/stm32f103c8t6//rtos/libwwg/libwwg.a(usbcdc.o) (mini_vprintf_cooked)
/home/username/stm32/stm32f103c8t6//rtos/libwwg/libwwg.a(mcuio.o)
                              main.o (std_printf)
/home/username/stm32/stm32f103c8t6//rtos/libwwg/libwwg.a(getline.o)
                              /home/username/stm32/stm32f103c8t6//rtos/libwwg/libwwg.a(usbcdc.o) (getline)
/home/username/stm32/stm32f103c8t6//rtos/libwwg/libwwg.a(uartlib.o)
                              /home/username/stm32/stm32f103c8t6//rtos/libwwg/libwwg.a(mcuio.o) (uart1_putc)
/home/username/stm32/stm32f103c8t6/libopencm3/lib/libopencm3_stm32f1.a(gpio.o)
[...]
Memory Configuration

Name             Origin             Length             Attributes
rom              0x0000000008000000 0x0000000000010000 xr
ram              0x0000000020000000 0x0000000000005000 xrw
*default*        0x0000000000000000 0xffffffffffffffff

Linker script and memory map

LOAD main.o
LOAD rtos/heap_4.o
LOAD rtos/list.o
LOAD rtos/port.o
LOAD rtos/queue.o
LOAD rtos/tasks.o
LOAD rtos/opencm3.o
LOAD ugui.o
LOAD meter.o
LOAD /opt/gcc-arm/bin/../lib/gcc/arm-none-eabi/8.2.1/../../../../arm-none-eabi/lib/thumb/v7-m/nofp/libm.a
START GROUP
LOAD /opt/gcc-arm/bin/../lib/gcc/arm-none-eabi/8.2.1/../../../../arm-none-eabi/lib/thumb/v7-m/nofp/libc.a
LOAD /opt/gcc-arm/bin/../lib/gcc/arm-none-eabi/8.2.1/thumb/v7-m/nofp/libgcc.a
LOAD /opt/gcc-arm/bin/../lib/gcc/arm-none-eabi/8.2.1/../../../../arm-none-eabi/lib/thumb/v7-m/nofp/libnosys.a
END GROUP
LOAD /home/username/stm32/stm32f103c8t6//rtos/libwwg/libwwg.a
LOAD /home/username/stm32/stm32f103c8t6/libopencm3/lib/libopencm3_stm32f1.a
START GROUP
LOAD /opt/gcc-arm/bin/../lib/gcc/arm-none-eabi/8.2.1/thumb/v7-m/nofp/libgcc.a
LOAD /opt/gcc-arm/bin/../lib/gcc/arm-none-eabi/8.2.1/../../../../arm-none-eabi/lib/thumb/v7-m/nofp/libc.a
END GROUP
START GROUP
LOAD /opt/gcc-arm/bin/../lib/gcc/arm-none-eabi/8.2.1/thumb/v7-m/nofp/libgcc.a
LOAD /opt/gcc-arm/bin/../lib/gcc/arm-none-eabi/8.2.1/../../../../arm-none-eabi/lib/thumb/v7-m/nofp/libc.a
LOAD /opt/gcc-arm/bin/../lib/gcc/arm-none-eabi/8.2.1/../../../../arm-none-eabi/lib/thumb/v7-m/nofp/libnosys.a
END GROUP

.text           0x0000000008000000     0x7884
 *(.vectors)
 .vectors       0x0000000008000000      0x150 /home/username/stm32/stm32f103c8t6/libopencm3/lib/libopencm3_stm32f1.a(vector.o)
                0x0000000008000000                vector_table
 *(.text*)
 .text.oled_command
                0x0000000008000150       0x30 main.o
                0x0000000008000150                oled_command
 .text.monitor_task
                0x0000000008000180      0x19c main.o
 .text.oled_command2
                0x000000000800031c       0x3c main.o
                0x000000000800031c                oled_command2
 .text.oled_data
                0x0000000008000358       0x30 main.o
                0x0000000008000358                oled_data
 .text.startup.main
                0x0000000008000388       0xfc main.o
                0x0000000008000388                main
 .text.prvInsertBlockIntoFreeList
                0x0000000008000484       0x48 rtos/heap_4.o
 .text.pvPortMalloc
                0x00000000080004cc       0xec rtos/heap_4.o
                0x00000000080004cc                pvPortMalloc
 .text.vPortFree
                0x00000000080005b8       0x4c rtos/heap_4.o
                0x00000000080005b8                vPortFree
 .text.vListInitialise
                0x0000000008000604       0x16 rtos/list.o
                0x0000000008000604                vListInitialise
 .text.vListInitialiseItem
                0x000000000800061a        0x6 rtos/list.o
                0x000000000800061a                vListInitialiseItem
 .text.vListInsertEnd
                0x0000000008000620       0x18 rtos/list.o
                0x0000000008000620                vListInsertEnd
 .text.vListInsert
                0x0000000008000638       0x2e rtos/list.o
                0x0000000008000638                vListInsert
 .text.uxListRemove
                0x0000000008000666       0x1e rtos/list.o
                0x0000000008000666                uxListRemove
 .text.prvTaskExitError
                0x0000000008000684       0x12 rtos/port.o
 *fill*         0x0000000008000696        0x2 
 .text.prvPortStartFirstTask
                0x0000000008000698       0x20 rtos/port.o
 .text.pxPortInitialiseStack
                0x00000000080006b8       0x24 rtos/port.o
                0x00000000080006b8                pxPortInitialiseStack
 *fill*         0x00000000080006dc        0x4 
 .text.vPortSVCHandler
                0x00000000080006e0       0x24 rtos/port.o
                0x00000000080006e0                vPortSVCHandler
 .text.vPortEnterCritical
                0x0000000008000704       0x20 rtos/port.o
                0x0000000008000704                vPortEnterCritical
 .text.vPortExitCritical
                0x0000000008000724       0x14 rtos/port.o
                0x0000000008000724                vPortExitCritical
 *fill*         0x0000000008000738        0x8 
 .text.xPortPendSVHandler
                0x0000000008000740       0x44 rtos/port.o
                0x0000000008000740                xPortPendSVHandler
 .text.xPortSysTickHandler
                0x0000000008000784       0x2c rtos/port.o
                0x0000000008000784                xPortSysTickHandler
 .text.vPortSetupTimerInterrupt
                0x00000000080007b0       0x14 rtos/port.o
                0x00000000080007b0                vPortSetupTimerInterrupt
 .text.xPortStartScheduler
                0x00000000080007c4       0x30 rtos/port.o
                0x00000000080007c4                xPortStartScheduler
 .text.prvCopyDataToQueue
                0x00000000080007f4       0x66 rtos/queue.o
 .text.prvCopyDataFromQueue
                0x000000000800085a       0x28 rtos/queue.o
 .text.prvUnlockQueue
                0x0000000008000882       0x70 rtos/queue.o
 *fill*         0x00000000080008f2        0x2 
 .text.xQueueGenericReset
                0x00000000080008f4       0x6c rtos/queue.o
                0x00000000080008f4                xQueueGenericReset
 .text.xQueueGenericCreate
                0x0000000008000960       0x2e rtos/queue.o
                0x0000000008000960                xQueueGenericCreate
 *fill*         0x000000000800098e        0x2 
 .text.xQueueGenericSend
                0x0000000008000990       0xfc rtos/queue.o
                0x0000000008000990                xQueueGenericSend
 .text.xQueueGenericReceive
                0x0000000008000a8c      0x130 rtos/queue.o
                0x0000000008000a8c                xQueueGenericReceive
 .text.uxQueueSpacesAvailable
                0x0000000008000bbc       0x16 rtos/queue.o
                0x0000000008000bbc                uxQueueSpacesAvailable
 *fill*         0x0000000008000bd2        0x2 
 .text.prvResetNextTaskUnblockTime
                0x0000000008000bd4       0x24 rtos/tasks.o
 .text.prvAddCurrentTaskToDelayedList
                0x0000000008000bf8       0x8c rtos/tasks.o
 .text.xTaskCreate
                0x0000000008000c84      0x1b8 rtos/tasks.o
                0x0000000008000c84                xTaskCreate
 .text.vTaskStartScheduler
                0x0000000008000e3c       0x60 rtos/tasks.o
                0x0000000008000e3c                vTaskStartScheduler
 .text.vTaskSuspendAll
                0x0000000008000e9c       0x10 rtos/tasks.o
                0x0000000008000e9c                vTaskSuspendAll
 .text.xTaskIncrementTick
                0x0000000008000eac      0x10c rtos/tasks.o
                0x0000000008000eac                xTaskIncrementTick
 .text.xTaskResumeAll
                0x0000000008000fb8       0xd8 rtos/tasks.o
                0x0000000008000fb8                xTaskResumeAll
 .text.vTaskDelay
                0x0000000008001090       0x30 rtos/tasks.o
                0x0000000008001090                vTaskDelay
 .text.prvIdleTask
                0x00000000080010c0       0x74 rtos/tasks.o
 .text.vTaskSwitchContext
                0x0000000008001134       0x60 rtos/tasks.o
                0x0000000008001134                vTaskSwitchContext
 .text.vTaskPlaceOnEventList
                0x0000000008001194       0x20 rtos/tasks.o
                0x0000000008001194                vTaskPlaceOnEventList
 .text.xTaskRemoveFromEventList
                0x00000000080011b4       0x70 rtos/tasks.o
                0x00000000080011b4                xTaskRemoveFromEventList
 .text.vTaskSetTimeOutState
                0x0000000008001224       0x18 rtos/tasks.o
                0x0000000008001224                vTaskSetTimeOutState
 .text.xTaskCheckForTimeOut
                0x000000000800123c       0x4c rtos/tasks.o
                0x000000000800123c                xTaskCheckForTimeOut
 .text.vTaskMissedYield
                0x0000000008001288        0xc rtos/tasks.o
                0x0000000008001288                vTaskMissedYield
 .text.vTaskPriorityInherit
                0x0000000008001294       0x94 rtos/tasks.o
                0x0000000008001294                vTaskPriorityInherit
 .text.xTaskPriorityDisinherit
                0x0000000008001328       0x70 rtos/tasks.o
                0x0000000008001328                xTaskPriorityDisinherit
 .text.pvTaskIncrementMutexHeldCount
                0x0000000008001398       0x18 rtos/tasks.o
                0x0000000008001398                pvTaskIncrementMutexHeldCount
 .text.sv_call_handler
                0x00000000080013b0        0x4 rtos/opencm3.o
                0x00000000080013b0                sv_call_handler
 .text.pend_sv_handler
                0x00000000080013b4        0x4 rtos/opencm3.o
                0x00000000080013b4                pend_sv_handler
 .text.sys_tick_handler
                0x00000000080013b8        0x4 rtos/opencm3.o
                0x00000000080013b8                sys_tick_handler
 .text.UG_Init  0x00000000080013bc       0x64 ugui.o
                0x00000000080013bc                UG_Init
 .text.UG_FontSelect
                0x0000000008001420       0x18 ugui.o
                0x0000000008001420                UG_FontSelect
 .text.UG_FillFrame
                0x0000000008001438       0x78 ugui.o
                0x0000000008001438                UG_FillFrame
 .text.UG_FillScreen
                0x00000000080014b0       0x28 ugui.o
                0x00000000080014b0                UG_FillScreen
 .text.UG_DrawCircle
                0x00000000080014d8      0x134 ugui.o
                0x00000000080014d8                UG_DrawCircle
 .text.UG_DrawLine
                0x000000000800160c      0x108 ugui.o
                0x000000000800160c                UG_DrawLine
 .text.UG_FillCircle
                0x0000000008001714       0xfc ugui.o
                0x0000000008001714                UG_FillCircle
 .text.UG_SetForecolor
                0x0000000008001810        0xc ugui.o
                0x0000000008001810                UG_SetForecolor
 .text.UG_SetBackcolor
                0x000000000800181c        0xc ugui.o
                0x000000000800181c                UG_SetBackcolor
 .text.UG_FontSetHSpace
                0x0000000008001828       0x10 ugui.o
                0x0000000008001828                UG_FontSetHSpace
 .text._UG_PutChar
                0x0000000008001838      0x308 ugui.o
                0x0000000008001838                _UG_PutChar
 .text.UG_PutChar
                0x0000000008001b40       0x1c ugui.o
                0x0000000008001b40                UG_PutChar
 .text.UG_PutString
                0x0000000008001b5c       0x8c ugui.o
                0x0000000008001b5c                UG_PutString
 .text.local_draw_point
                0x0000000008001be8       0x54 meter.o
 .text.draw_pointer
                0x0000000008001c3c       0xd4 meter.o
 .text.meter_set_value
                0x0000000008001d10       0xa0 meter.o
                0x0000000008001d10                meter_set_value
 .text.meter_redraw
                0x0000000008001db0      0x210 meter.o
                0x0000000008001db0                meter_redraw
 .text.meter_init
                0x0000000008001fc0       0x70 meter.o
                0x0000000008001fc0                meter_init
 .text.meter_update
                0x0000000008002030       0x54 meter.o
                0x0000000008002030                meter_update
 .text.cos      0x0000000008002084       0x90 /opt/gcc-arm/bin/../lib/gcc/arm-none-eabi/8.2.1/../../../../arm-none-eabi/lib/thumb/v7-m/nofp/libm.a(lib_a-s_cos.o)
                0x0000000008002084                cos
 .text.sin      0x0000000008002114       0x90 /opt/gcc-arm/bin/../lib/gcc/arm-none-eabi/8.2.1/../../../../arm-none-eabi/lib/thumb/v7-m/nofp/libm.a(lib_a-s_sin.o)
                0x0000000008002114                sin
 *fill*         0x00000000080021a4        0x4 
 .text.__ieee754_rem_pio2
                0x00000000080021a8      0x434 /opt/gcc-arm/bin/../lib/gcc/arm-none-eabi/8.2.1/../../../../arm-none-eabi/lib/thumb/v7-m/nofp/libm.a(lib_a-e_rem_pio2.o)
                0x00000000080021a8                __ieee754_rem_pio2
 *fill*         0x00000000080025dc        0x4 
 .text.__kernel_cos
                0x00000000080025e0      0x248 /opt/gcc-arm/bin/../lib/gcc/arm-none-eabi/8.2.1/../../../../arm-none-eabi/lib/thumb/v7-m/nofp/libm.a(lib_a-k_cos.o)
                0x00000000080025e0                __kernel_cos
 .text.__kernel_rem_pio2
                0x0000000008002828      0x840 /opt/gcc-arm/bin/../lib/gcc/arm-none-eabi/8.2.1/../../../../arm-none-eabi/lib/thumb/v7-m/nofp/libm.a(lib_a-k_rem_pio2.o)
                0x0000000008002828                __kernel_rem_pio2
 .text.__kernel_sin
                0x0000000008003068      0x16c /opt/gcc-arm/bin/../lib/gcc/arm-none-eabi/8.2.1/../../../../arm-none-eabi/lib/thumb/v7-m/nofp/libm.a(lib_a-k_sin.o)
                0x0000000008003068                __kernel_sin
 .text.fabs     0x00000000080031d4        0x8 /opt/gcc-arm/bin/../lib/gcc/arm-none-eabi/8.2.1/../../../../arm-none-eabi/lib/thumb/v7-m/nofp/libm.a(lib_a-s_fabs.o)
                0x00000000080031d4                fabs
 *fill*         0x00000000080031dc        0x4 
 .text.floor    0x00000000080031e0      0x108 /opt/gcc-arm/bin/../lib/gcc/arm-none-eabi/8.2.1/../../../../arm-none-eabi/lib/thumb/v7-m/nofp/libm.a(lib_a-s_floor.o)
                0x00000000080031e0                floor
 .text.scalbn   0x00000000080032e8       0xf4 /opt/gcc-arm/bin/../lib/gcc/arm-none-eabi/8.2.1/../../../../arm-none-eabi/lib/thumb/v7-m/nofp/libm.a(lib_a-s_scalbn.o)
                0x00000000080032e8                scalbn
 .text          0x00000000080033dc       0xec /opt/gcc-arm/bin/../lib/gcc/arm-none-eabi/8.2.1/../../../../arm-none-eabi/lib/thumb/v7-m/nofp/libc.a(lib_a-memcpy.o)
                0x00000000080033dc                memcpy
 .text.memset   0x00000000080034c8       0xa0 /opt/gcc-arm/bin/../lib/gcc/arm-none-eabi/8.2.1/../../../../arm-none-eabi/lib/thumb/v7-m/nofp/libc.a(lib_a-memset.o)
                0x00000000080034c8                memset
 .text          0x0000000008003568      0x378 /opt/gcc-arm/bin/../lib/gcc/arm-none-eabi/8.2.1/thumb/v7-m/nofp/libgcc.a(_arm_addsubdf3.o)
                0x0000000008003568                __aeabi_drsub
                0x0000000008003570                __aeabi_dsub
                0x0000000008003570                __subdf3
                0x0000000008003574                __adddf3
                0x0000000008003574                __aeabi_dadd
                0x00000000080037ec                __aeabi_ui2d
                0x00000000080037ec                __floatunsidf
                0x000000000800380c                __floatsidf
                0x000000000800380c                __aeabi_i2d
                0x0000000008003830                __extendsfdf2
                0x0000000008003830                __aeabi_f2d
                0x0000000008003874                __aeabi_ul2d
                0x0000000008003874                __floatundidf
                0x0000000008003884                __floatdidf
                0x0000000008003884                __aeabi_l2d
 .text          0x00000000080038e0      0x424 /opt/gcc-arm/bin/../lib/gcc/arm-none-eabi/8.2.1/thumb/v7-m/nofp/libgcc.a(_arm_muldivdf3.o)
                0x00000000080038e0                __aeabi_dmul
                0x00000000080038e0                __muldf3
                0x0000000008003b34                __aeabi_ddiv
                0x0000000008003b34                __divdf3
 .text          0x0000000008003d04      0x110 /opt/gcc-arm/bin/../lib/gcc/arm-none-eabi/8.2.1/thumb/v7-m/nofp/libgcc.a(_arm_cmpdf2.o)
                0x0000000008003d04                __gtdf2
                0x0000000008003d04                __gedf2
                0x0000000008003d0c                __ltdf2
                0x0000000008003d0c                __ledf2
                0x0000000008003d14                __cmpdf2
                0x0000000008003d14                __eqdf2
                0x0000000008003d14                __nedf2
                0x0000000008003d90                __aeabi_cdrcmple
                0x0000000008003da0                __aeabi_cdcmple
                0x0000000008003da0                __aeabi_cdcmpeq
                0x0000000008003db0                __aeabi_dcmpeq
                0x0000000008003dc4                __aeabi_dcmplt
                0x0000000008003dd8                __aeabi_dcmple
                0x0000000008003dec                __aeabi_dcmpge
                0x0000000008003e00                __aeabi_dcmpgt
 .text          0x0000000008003e14       0x50 /opt/gcc-arm/bin/../lib/gcc/arm-none-eabi/8.2.1/thumb/v7-m/nofp/libgcc.a(_arm_fixdfsi.o)
                0x0000000008003e14                __fixdfsi
                0x0000000008003e14                __aeabi_d2iz
 .text          0x0000000008003e64       0xa0 /opt/gcc-arm/bin/../lib/gcc/arm-none-eabi/8.2.1/thumb/v7-m/nofp/libgcc.a(_arm_truncdfsf2.o)
                0x0000000008003e64                __aeabi_d2f
                0x0000000008003e64                __truncdfsf2
 .text          0x0000000008003f04      0x21c /opt/gcc-arm/bin/../lib/gcc/arm-none-eabi/8.2.1/thumb/v7-m/nofp/libgcc.a(_arm_addsubsf3.o)
                0x0000000008003f04                __aeabi_frsub
                0x0000000008003f0c                __subsf3
                0x0000000008003f0c                __aeabi_fsub
                0x0000000008003f10                __aeabi_fadd
                0x0000000008003f10                __addsf3
                0x0000000008004070                __aeabi_ui2f
                0x0000000008004070                __floatunsisf
                0x0000000008004078                __aeabi_i2f
                0x0000000008004078                __floatsisf
                0x0000000008004094                __floatundisf
                0x0000000008004094                __aeabi_ul2f
                0x00000000080040a4                __floatdisf
                0x00000000080040a4                __aeabi_l2f
 .text          0x0000000008004120      0x2a0 /opt/gcc-arm/bin/../lib/gcc/arm-none-eabi/8.2.1/thumb/v7-m/nofp/libgcc.a(_arm_muldivsf3.o)
                0x0000000008004120                __mulsf3
                0x0000000008004120                __aeabi_fmul
                0x0000000008004288                __divsf3
                0x0000000008004288                __aeabi_fdiv
 .text          0x00000000080043c0       0xec /opt/gcc-arm/bin/../lib/gcc/arm-none-eabi/8.2.1/thumb/v7-m/nofp/libgcc.a(_arm_cmpsf2.o)
                0x00000000080043c0                __gtsf2
                0x00000000080043c0                __gesf2
                0x00000000080043c8                __lesf2
                0x00000000080043c8                __ltsf2
                0x00000000080043d0                __nesf2
                0x00000000080043d0                __eqsf2
                0x00000000080043d0                __cmpsf2
                0x0000000008004430                __aeabi_cfrcmple
                0x0000000008004438                __aeabi_cfcmple
                0x0000000008004438                __aeabi_cfcmpeq
                0x0000000008004448                __aeabi_fcmpeq
                0x000000000800445c                __aeabi_fcmplt
                0x0000000008004470                __aeabi_fcmple
                0x0000000008004484                __aeabi_fcmpge
                0x0000000008004498                __aeabi_fcmpgt
 .text.cdcacm_control_request
                0x00000000080044ac       0x1c /home/username/stm32/stm32f103c8t6//rtos/libwwg/libwwg.a(usbcdc.o)
 .text.usb_putc
                0x00000000080044c8       0x5c /home/username/stm32/stm32f103c8t6//rtos/libwwg/libwwg.a(usbcdc.o)
                0x00000000080044c8                usb_putc
 .text.usb_getc
                0x0000000008004524       0x2c /home/username/stm32/stm32f103c8t6//rtos/libwwg/libwwg.a(usbcdc.o)
                0x0000000008004524                usb_getc
 .text.usb_task
                0x0000000008004550       0x68 /home/username/stm32/stm32f103c8t6//rtos/libwwg/libwwg.a(usbcdc.o)
 .text.cdcacm_set_config
                0x00000000080045b8       0x54 /home/username/stm32/stm32f103c8t6//rtos/libwwg/libwwg.a(usbcdc.o)
 .text.cdcacm_data_rx_cb
                0x000000000800460c       0x44 /home/username/stm32/stm32f103c8t6//rtos/libwwg/libwwg.a(usbcdc.o)
 .text.usb_puts
                0x0000000008004650       0x12 /home/username/stm32/stm32f103c8t6//rtos/libwwg/libwwg.a(usbcdc.o)
                0x0000000008004650                usb_puts
 *fill*         0x0000000008004662        0x2 
 .text.usb_vprintf
                0x0000000008004664       0x10 /home/username/stm32/stm32f103c8t6//rtos/libwwg/libwwg.a(usbcdc.o)
                0x0000000008004664                usb_vprintf
 .text.usb_write
                0x0000000008004674       0x24 /home/username/stm32/stm32f103c8t6//rtos/libwwg/libwwg.a(usbcdc.o)
                0x0000000008004674                usb_write
 .text.usb_peek
                0x0000000008004698       0x28 /home/username/stm32/stm32f103c8t6//rtos/libwwg/libwwg.a(usbcdc.o)
                0x0000000008004698                usb_peek
 .text.usb_gets
                0x00000000080046c0       0x4e /home/username/stm32/stm32f103c8t6//rtos/libwwg/libwwg.a(usbcdc.o)
                0x00000000080046c0                usb_gets
 *fill*         0x000000000800470e        0x2 
 .text.usb_getline
                0x0000000008004710       0x10 /home/username/stm32/stm32f103c8t6//rtos/libwwg/libwwg.a(usbcdc.o)
                0x0000000008004710                usb_getline
 .text.usb_start
                0x0000000008004720       0x98 /home/username/stm32/stm32f103c8t6//rtos/libwwg/libwwg.a(usbcdc.o)
                0x0000000008004720                usb_start
 .text.mini_write
                0x00000000080047b8       0x16 /home/username/stm32/stm32f103c8t6//rtos/libwwg/libwwg.a(miniprintf.o)
 .text.mini_sputc
                0x00000000080047ce       0x16 /home/username/stm32/stm32f103c8t6//rtos/libwwg/libwwg.a(miniprintf.o)
 .text.mini_putc
                0x00000000080047e4       0x2a /home/username/stm32/stm32f103c8t6//rtos/libwwg/libwwg.a(miniprintf.o)
 .text.mini_pad
                0x000000000800480e       0x24 /home/username/stm32/stm32f103c8t6//rtos/libwwg/libwwg.a(miniprintf.o)
 *fill*         0x0000000008004832        0x2 
 .text.internal_vprintf
                0x0000000008004834      0x1f8 /home/username/stm32/stm32f103c8t6//rtos/libwwg/libwwg.a(miniprintf.o)
 .text.mini_vprintf_cooked
                0x0000000008004a2c       0x30 /home/username/stm32/stm32f103c8t6//rtos/libwwg/libwwg.a(miniprintf.o)
                0x0000000008004a2c                mini_vprintf_cooked
 .text.mini_snprintf
                0x0000000008004a5c       0x44 /home/username/stm32/stm32f103c8t6//rtos/libwwg/libwwg.a(miniprintf.o)
                0x0000000008004a5c                mini_snprintf
 .text.std_printf
                0x0000000008004aa0       0x24 /home/username/stm32/stm32f103c8t6//rtos/libwwg/libwwg.a(mcuio.o)
                0x0000000008004aa0                std_printf
 .text.getline  0x0000000008004ac4      0x176 /home/username/stm32/stm32f103c8t6//rtos/libwwg/libwwg.a(getline.o)
                0x0000000008004ac4                getline
 *fill*         0x0000000008004c3a        0x2 
 .text.uart_common_isr
                0x0000000008004c3c       0x40 /home/username/stm32/stm32f103c8t6//rtos/libwwg/libwwg.a(uartlib.o)
 .text.usart1_isr
                0x0000000008004c7c        0x6 /home/username/stm32/stm32f103c8t6//rtos/libwwg/libwwg.a(uartlib.o)
                0x0000000008004c7c                usart1_isr
 .text.usart2_isr
                0x0000000008004c82        0x6 /home/username/stm32/stm32f103c8t6//rtos/libwwg/libwwg.a(uartlib.o)
                0x0000000008004c82                usart2_isr
 .text.usart3_isr
                0x0000000008004c88        0x6 /home/username/stm32/stm32f103c8t6//rtos/libwwg/libwwg.a(uartlib.o)
                0x0000000008004c88                usart3_isr
 *fill*         0x0000000008004c8e        0x2 
 .text.putc_uart
                0x0000000008004c90       0x34 /home/username/stm32/stm32f103c8t6//rtos/libwwg/libwwg.a(uartlib.o)
                0x0000000008004c90                putc_uart
 .text.uart1_putc
                0x0000000008004cc4       0x1c /home/username/stm32/stm32f103c8t6//rtos/libwwg/libwwg.a(uartlib.o)
                0x0000000008004cc4                uart1_putc
 .text.uart2_putc
                0x0000000008004ce0       0x1c /home/username/stm32/stm32f103c8t6//rtos/libwwg/libwwg.a(uartlib.o)
                0x0000000008004ce0                uart2_putc
 .text.uart3_putc
                0x0000000008004cfc       0x1c /home/username/stm32/stm32f103c8t6//rtos/libwwg/libwwg.a(uartlib.o)
                0x0000000008004cfc                uart3_putc
 .text.getc_uart
                0x0000000008004d18       0x48 /home/username/stm32/stm32f103c8t6//rtos/libwwg/libwwg.a(uartlib.o)
                0x0000000008004d18                getc_uart
 .text.uart1_getc
                0x0000000008004d60        0xa /home/username/stm32/stm32f103c8t6//rtos/libwwg/libwwg.a(uartlib.o)
                0x0000000008004d60                uart1_getc
 .text.uart2_getc
                0x0000000008004d6a        0xa /home/username/stm32/stm32f103c8t6//rtos/libwwg/libwwg.a(uartlib.o)
                0x0000000008004d6a                uart2_getc
 .text.uart3_getc
                0x0000000008004d74        0xa /home/username/stm32/stm32f103c8t6//rtos/libwwg/libwwg.a(uartlib.o)
                0x0000000008004d74                uart3_getc
 .text.gpio_set_mode
                0x0000000008004d7e       0x5e /home/username/stm32/stm32f103c8t6/libopencm3/lib/libopencm3_stm32f1.a(gpio.o)
                0x0000000008004d7e                gpio_set_mode
 .text.gpio_primary_remap
                0x0000000008004ddc       0x14 /home/username/stm32/stm32f103c8t6/libopencm3/lib/libopencm3_stm32f1.a(gpio.o)
                0x0000000008004ddc                gpio_primary_remap
 .text.gpio_set
                0x0000000008004df0        0x4 /home/username/stm32/stm32f103c8t6/libopencm3/lib/libopencm3_stm32f1.a(gpio_common_all.o)
                0x0000000008004df0                gpio_set
 .text.gpio_clear
                0x0000000008004df4        0x6 /home/username/stm32/stm32f103c8t6/libopencm3/lib/libopencm3_stm32f1.a(gpio_common_all.o)
                0x0000000008004df4                gpio_clear
 *fill*         0x0000000008004dfa        0x2 
 .text.rcc_osc_on.part.1
                0x0000000008004dfc       0x10 /home/username/stm32/stm32f103c8t6/libopencm3/lib/libopencm3_stm32f1.a(rcc.o)
 .text.rcc_is_osc_ready
                0x0000000008004e0c       0x5c /home/username/stm32/stm32f103c8t6/libopencm3/lib/libopencm3_stm32f1.a(rcc.o)
                0x0000000008004e0c                rcc_is_osc_ready
 .text.rcc_wait_for_osc_ready
                0x0000000008004e68       0x10 /home/username/stm32/stm32f103c8t6/libopencm3/lib/libopencm3_stm32f1.a(rcc.o)
                0x0000000008004e68                rcc_wait_for_osc_ready
 .text.rcc_osc_on
                0x0000000008004e78       0x54 /home/username/stm32/stm32f103c8t6/libopencm3/lib/libopencm3_stm32f1.a(rcc.o)
                0x0000000008004e78                rcc_osc_on
 .text.rcc_set_sysclk_source
                0x0000000008004ecc       0x14 /home/username/stm32/stm32f103c8t6/libopencm3/lib/libopencm3_stm32f1.a(rcc.o)
                0x0000000008004ecc                rcc_set_sysclk_source
 .text.rcc_set_pll_multiplication_factor
                0x0000000008004ee0       0x14 /home/username/stm32/stm32f103c8t6/libopencm3/lib/libopencm3_stm32f1.a(rcc.o)
                0x0000000008004ee0                rcc_set_pll_multiplication_factor
 .text.rcc_set_pll_source
                0x0000000008004ef4       0x14 /home/username/stm32/stm32f103c8t6/libopencm3/lib/libopencm3_stm32f1.a(rcc.o)
                0x0000000008004ef4                rcc_set_pll_source
 .text.rcc_set_pllxtpre
                0x0000000008004f08       0x14 /home/username/stm32/stm32f103c8t6/libopencm3/lib/libopencm3_stm32f1.a(rcc.o)
                0x0000000008004f08                rcc_set_pllxtpre
 .text.rcc_set_adcpre
                0x0000000008004f1c       0x14 /home/username/stm32/stm32f103c8t6/libopencm3/lib/libopencm3_stm32f1.a(rcc.o)
                0x0000000008004f1c                rcc_set_adcpre
 .text.rcc_set_ppre2
                0x0000000008004f30       0x14 /home/username/stm32/stm32f103c8t6/libopencm3/lib/libopencm3_stm32f1.a(rcc.o)
                0x0000000008004f30                rcc_set_ppre2
 .text.rcc_set_ppre1
                0x0000000008004f44       0x14 /home/username/stm32/stm32f103c8t6/libopencm3/lib/libopencm3_stm32f1.a(rcc.o)
                0x0000000008004f44                rcc_set_ppre1
 .text.rcc_set_hpre
                0x0000000008004f58       0x14 /home/username/stm32/stm32f103c8t6/libopencm3/lib/libopencm3_stm32f1.a(rcc.o)
                0x0000000008004f58                rcc_set_hpre
 .text.rcc_clock_setup_in_hse_8mhz_out_72mhz
                0x0000000008004f6c       0x8c /home/username/stm32/stm32f103c8t6/libopencm3/lib/libopencm3_stm32f1.a(rcc.o)
                0x0000000008004f6c                rcc_clock_setup_in_hse_8mhz_out_72mhz
 .text.rcc_periph_clock_enable
                0x0000000008004ff8       0x1a /home/username/stm32/stm32f103c8t6/libopencm3/lib/libopencm3_stm32f1.a(rcc_common_all.o)
                0x0000000008004ff8                rcc_periph_clock_enable
 .text.rcc_periph_reset_pulse
                0x0000000008005012       0x22 /home/username/stm32/stm32f103c8t6/libopencm3/lib/libopencm3_stm32f1.a(rcc_common_all.o)
                0x0000000008005012                rcc_periph_reset_pulse
 .text.spi_reset
                0x0000000008005034       0x30 /home/username/stm32/stm32f103c8t6/libopencm3/lib/libopencm3_stm32f1.a(spi_common_all.o)
                0x0000000008005034                spi_reset
 .text.spi_enable
                0x0000000008005064        0xa /home/username/stm32/stm32f103c8t6/libopencm3/lib/libopencm3_stm32f1.a(spi_common_all.o)
                0x0000000008005064                spi_enable
 .text.spi_disable
                0x000000000800506e        0xa /home/username/stm32/stm32f103c8t6/libopencm3/lib/libopencm3_stm32f1.a(spi_common_all.o)
                0x000000000800506e                spi_disable
 .text.spi_xfer
                0x0000000008005078        0xe /home/username/stm32/stm32f103c8t6/libopencm3/lib/libopencm3_stm32f1.a(spi_common_all.o)
                0x0000000008005078                spi_xfer
 .text.spi_disable_software_slave_management
                0x0000000008005086        0xa /home/username/stm32/stm32f103c8t6/libopencm3/lib/libopencm3_stm32f1.a(spi_common_all.o)
                0x0000000008005086                spi_disable_software_slave_management
 .text.spi_enable_ss_output
                0x0000000008005090        0xa /home/username/stm32/stm32f103c8t6/libopencm3/lib/libopencm3_stm32f1.a(spi_common_all.o)
                0x0000000008005090                spi_enable_ss_output
 .text.spi_init_master
                0x000000000800509a       0x28 /home/username/stm32/stm32f103c8t6/libopencm3/lib/libopencm3_stm32f1.a(spi_common_v1.o)
                0x000000000800509a                spi_init_master
 .text.usart_send_blocking
                0x00000000080050c2       0x16 /home/username/stm32/stm32f103c8t6/libopencm3/lib/libopencm3_stm32f1.a(usart_common_all.o)
                0x00000000080050c2                usart_send_blocking
 .text.usart_send
                0x00000000080050d8        0x8 /home/username/stm32/stm32f103c8t6/libopencm3/lib/libopencm3_stm32f1.a(usart_common_f124.o)
                0x00000000080050d8                usart_send
 .text.usart_wait_send_ready
                0x00000000080050e0        0x8 /home/username/stm32/stm32f103c8t6/libopencm3/lib/libopencm3_stm32f1.a(usart_common_f124.o)
                0x00000000080050e0                usart_wait_send_ready
 .text.usbd_init
                0x00000000080050e8       0x50 /home/username/stm32/stm32f103c8t6/libopencm3/lib/libopencm3_stm32f1.a(usb.o)
                0x00000000080050e8                usbd_init
 .text.usbd_poll
                0x0000000008005138        0x8 /home/username/stm32/stm32f103c8t6/libopencm3/lib/libopencm3_stm32f1.a(usb.o)
                0x0000000008005138                usbd_poll
 .text.usbd_ep_setup
                0x0000000008005140        0xe /home/username/stm32/stm32f103c8t6/libopencm3/lib/libopencm3_stm32f1.a(usb.o)
                0x0000000008005140                usbd_ep_setup
 .text._usbd_reset
                0x000000000800514e       0x32 /home/username/stm32/stm32f103c8t6/libopencm3/lib/libopencm3_stm32f1.a(usb.o)
                0x000000000800514e                _usbd_reset
 .text.usbd_ep_write_packet
                0x0000000008005180        0xe /home/username/stm32/stm32f103c8t6/libopencm3/lib/libopencm3_stm32f1.a(usb.o)
                0x0000000008005180                usbd_ep_write_packet
 .text.usbd_ep_read_packet
                0x000000000800518e        0xe /home/username/stm32/stm32f103c8t6/libopencm3/lib/libopencm3_stm32f1.a(usb.o)
                0x000000000800518e                usbd_ep_read_packet
 .text.usbd_ep_stall_set
                0x000000000800519c        0x8 /home/username/stm32/stm32f103c8t6/libopencm3/lib/libopencm3_stm32f1.a(usb.o)
                0x000000000800519c                usbd_ep_stall_set
 .text.usbd_ep_stall_get
                0x00000000080051a4        0x8 /home/username/stm32/stm32f103c8t6/libopencm3/lib/libopencm3_stm32f1.a(usb.o)
                0x00000000080051a4                usbd_ep_stall_get
 .text.usbd_ep_nak_set
                0x00000000080051ac        0x8 /home/username/stm32/stm32f103c8t6/libopencm3/lib/libopencm3_stm32f1.a(usb.o)
                0x00000000080051ac                usbd_ep_nak_set
 .text.usb_control_send_chunk
                0x00000000080051b4       0x52 /home/username/stm32/stm32f103c8t6/libopencm3/lib/libopencm3_stm32f1.a(usb_control.o)
 .text.usb_control_request_dispatch
                0x0000000008005206       0x60 /home/username/stm32/stm32f103c8t6/libopencm3/lib/libopencm3_stm32f1.a(usb_control.o)
 .text.stall_transaction
                0x0000000008005266       0x14 /home/username/stm32/stm32f103c8t6/libopencm3/lib/libopencm3_stm32f1.a(usb_control.o)
 .text.usb_control_recv_chunk
                0x000000000800527a       0x3c /home/username/stm32/stm32f103c8t6/libopencm3/lib/libopencm3_stm32f1.a(usb_control.o)
 .text.usb_control_setup_read
                0x00000000080052b6       0x66 /home/username/stm32/stm32f103c8t6/libopencm3/lib/libopencm3_stm32f1.a(usb_control.o)
 .text.usbd_register_control_callback
                0x000000000800531c       0x2c /home/username/stm32/stm32f103c8t6/libopencm3/lib/libopencm3_stm32f1.a(usb_control.o)
                0x000000000800531c                usbd_register_control_callback
 .text._usbd_control_setup
                0x0000000008005348       0x60 /home/username/stm32/stm32f103c8t6/libopencm3/lib/libopencm3_stm32f1.a(usb_control.o)
                0x0000000008005348                _usbd_control_setup
 .text._usbd_control_out
                0x00000000080053a8       0x82 /home/username/stm32/stm32f103c8t6/libopencm3/lib/libopencm3_stm32f1.a(usb_control.o)
                0x00000000080053a8                _usbd_control_out
 .text._usbd_control_in
                0x000000000800542a       0x64 /home/username/stm32/stm32f103c8t6/libopencm3/lib/libopencm3_stm32f1.a(usb_control.o)
                0x000000000800542a                _usbd_control_in
 .text.usb_standard_set_address
                0x000000000800548e       0x28 /home/username/stm32/stm32f103c8t6/libopencm3/lib/libopencm3_stm32f1.a(usb_standard.o)
 .text.usb_standard_set_configuration
                0x00000000080054b6       0x92 /home/username/stm32/stm32f103c8t6/libopencm3/lib/libopencm3_stm32f1.a(usb_standard.o)
 .text.usb_standard_get_configuration
                0x0000000008005548       0x22 /home/username/stm32/stm32f103c8t6/libopencm3/lib/libopencm3_stm32f1.a(usb_standard.o)
 .text.usb_standard_get_interface
                0x000000000800556a       0x34 /home/username/stm32/stm32f103c8t6/libopencm3/lib/libopencm3_stm32f1.a(usb_standard.o)
 .text.usb_standard_device_get_status
                0x000000000800559e       0x18 /home/username/stm32/stm32f103c8t6/libopencm3/lib/libopencm3_stm32f1.a(usb_standard.o)
 .text.usb_standard_endpoint_get_status
                0x00000000080055b6       0x2a /home/username/stm32/stm32f103c8t6/libopencm3/lib/libopencm3_stm32f1.a(usb_standard.o)
 .text.usb_standard_endpoint_stall
                0x00000000080055e0       0x10 /home/username/stm32/stm32f103c8t6/libopencm3/lib/libopencm3_stm32f1.a(usb_standard.o)
 .text.usb_standard_endpoint_unstall
                0x00000000080055f0       0x10 /home/username/stm32/stm32f103c8t6/libopencm3/lib/libopencm3_stm32f1.a(usb_standard.o)
 .text.usb_standard_set_interface
                0x0000000008005600       0x4e /home/username/stm32/stm32f103c8t6/libopencm3/lib/libopencm3_stm32f1.a(usb_standard.o)
 .text.usb_standard_get_descriptor
                0x000000000800564e      0x254 /home/username/stm32/stm32f103c8t6/libopencm3/lib/libopencm3_stm32f1.a(usb_standard.o)
 .text.usb_standard_interface_get_status
                0x00000000080058a2       0x18 /home/username/stm32/stm32f103c8t6/libopencm3/lib/libopencm3_stm32f1.a(usb_standard.o)
 .text.usbd_register_set_config_callback
                0x00000000080058ba       0x28 /home/username/stm32/stm32f103c8t6/libopencm3/lib/libopencm3_stm32f1.a(usb_standard.o)
                0x00000000080058ba                usbd_register_set_config_callback
 *fill*         0x00000000080058e2        0x2 
 .text._usbd_standard_request_device
                0x00000000080058e4       0x48 /home/username/stm32/stm32f103c8t6/libopencm3/lib/libopencm3_stm32f1.a(usb_standard.o)
                0x00000000080058e4                _usbd_standard_request_device
 .text._usbd_standard_request_interface
                0x000000000800592c       0x30 /home/username/stm32/stm32f103c8t6/libopencm3/lib/libopencm3_stm32f1.a(usb_standard.o)
                0x000000000800592c                _usbd_standard_request_interface
 .text._usbd_standard_request_endpoint
                0x000000000800595c       0x3c /home/username/stm32/stm32f103c8t6/libopencm3/lib/libopencm3_stm32f1.a(usb_standard.o)
                0x000000000800595c                _usbd_standard_request_endpoint
 .text._usbd_standard_request
                0x0000000008005998       0x30 /home/username/stm32/stm32f103c8t6/libopencm3/lib/libopencm3_stm32f1.a(usb_standard.o)
                0x0000000008005998                _usbd_standard_request
 .text.st_usbfs_v1_usbd_init
                0x00000000080059c8       0x30 /home/username/stm32/stm32f103c8t6/libopencm3/lib/libopencm3_stm32f1.a(st_usbfs_v1.o)
 .text.st_usbfs_copy_to_pm
                0x00000000080059f8       0x18 /home/username/stm32/stm32f103c8t6/libopencm3/lib/libopencm3_stm32f1.a(st_usbfs_v1.o)
                0x00000000080059f8                st_usbfs_copy_to_pm
 .text.st_usbfs_copy_from_pm
                0x0000000008005a10       0x26 /home/username/stm32/stm32f103c8t6/libopencm3/lib/libopencm3_stm32f1.a(st_usbfs_v1.o)
                0x0000000008005a10                st_usbfs_copy_from_pm
 .text.blocking_handler
                0x0000000008005a36        0x2 /home/username/stm32/stm32f103c8t6/libopencm3/lib/libopencm3_stm32f1.a(vector.o)
                0x0000000008005a36                rtc_isr
                0x0000000008005a36                tim7_isr
                0x0000000008005a36                adc1_2_isr
                0x0000000008005a36                tim1_trg_com_isr
                0x0000000008005a36                usb_hp_can_tx_isr
                0x0000000008005a36                tim6_isr
                0x0000000008005a36                usb_wakeup_isr
                0x0000000008005a36                blocking_handler
                0x0000000008005a36                tim5_isr
                0x0000000008005a36                otg_fs_isr
                0x0000000008005a36                spi1_isr
                0x0000000008005a36                exti2_isr
                0x0000000008005a36                dma1_channel6_isr
                0x0000000008005a36                can_rx1_isr
                0x0000000008005a36                dma1_channel5_isr
                0x0000000008005a36                dma2_channel5_isr
                0x0000000008005a36                usage_fault_handler
                0x0000000008005a36                tim8_trg_com_isr
                0x0000000008005a36                can2_rx0_isr
                0x0000000008005a36                tim1_brk_isr
                0x0000000008005a36                can2_rx1_isr
                0x0000000008005a36                tim1_cc_isr
                0x0000000008005a36                sdio_isr
                0x0000000008005a36                eth_isr
                0x0000000008005a36                dma1_channel4_isr
                0x0000000008005a36                tim8_brk_isr
                0x0000000008005a36                dma2_channel4_5_isr
                0x0000000008005a36                pvd_isr
                0x0000000008005a36                rcc_isr
                0x0000000008005a36                flash_isr
                0x0000000008005a36                uart4_isr
                0x0000000008005a36                rtc_alarm_isr
                0x0000000008005a36                exti15_10_isr
                0x0000000008005a36                hard_fault_handler
                0x0000000008005a36                exti1_isr
                0x0000000008005a36                i2c1_ev_isr
                0x0000000008005a36                dma2_channel1_isr
                0x0000000008005a36                spi2_isr
                0x0000000008005a36                tim8_up_isr
                0x0000000008005a36                dma2_channel2_isr
                0x0000000008005a36                exti3_isr
                0x0000000008005a36                adc3_isr
                0x0000000008005a36                tim3_isr
                0x0000000008005a36                usb_lp_can_rx0_isr
                0x0000000008005a36                i2c2_er_isr
                0x0000000008005a36                i2c2_ev_isr
                0x0000000008005a36                uart5_isr
                0x0000000008005a36                fsmc_isr
                0x0000000008005a36                dma1_channel1_isr
                0x0000000008005a36                exti4_isr
                0x0000000008005a36                mem_manage_handler
                0x0000000008005a36                can2_tx_isr
                0x0000000008005a36                exti9_5_isr
                0x0000000008005a36                dma2_channel3_isr
                0x0000000008005a36                dma1_channel7_isr
                0x0000000008005a36                tim1_up_isr
                0x0000000008005a36                can2_sce_isr
                0x0000000008005a36                tim4_isr
                0x0000000008005a36                dma1_channel2_isr
                0x0000000008005a36                i2c1_er_isr
                0x0000000008005a36                can_sce_isr
                0x0000000008005a36                tim8_cc_isr
                0x0000000008005a36                tamper_isr
                0x0000000008005a36                eth_wkup_isr
                0x0000000008005a36                bus_fault_handler
                0x0000000008005a36                wwdg_isr
                0x0000000008005a36                dma1_channel3_isr
                0x0000000008005a36                spi3_isr
                0x0000000008005a36                tim2_isr
                0x0000000008005a36                exti0_isr
 .text.null_handler
                0x0000000008005a38        0x2 /home/username/stm32/stm32f103c8t6/libopencm3/lib/libopencm3_stm32f1.a(vector.o)
                0x0000000008005a38                null_handler
                0x0000000008005a38                debug_monitor_handler
                0x0000000008005a38                nmi_handler
 *fill*         0x0000000008005a3a        0x2 
 .text.reset_handler
                0x0000000008005a3c       0x90 /home/username/stm32/stm32f103c8t6/libopencm3/lib/libopencm3_stm32f1.a(vector.o)
                0x0000000008005a3c                reset_handler
 .text.flash_set_ws
                0x0000000008005acc       0x14 /home/username/stm32/stm32f103c8t6/libopencm3/lib/libopencm3_stm32f1.a(flash_common_all.o)
                0x0000000008005acc                flash_set_ws
 .text.st_usbfs_set_address
                0x0000000008005ae0       0x10 /home/username/stm32/stm32f103c8t6/libopencm3/lib/libopencm3_stm32f1.a(st_usbfs_core.o)
                0x0000000008005ae0                st_usbfs_set_address
 .text.st_usbfs_set_ep_rx_bufsize
                0x0000000008005af0       0x3c /home/username/stm32/stm32f103c8t6/libopencm3/lib/libopencm3_stm32f1.a(st_usbfs_core.o)
                0x0000000008005af0                st_usbfs_set_ep_rx_bufsize
 .text.st_usbfs_ep_setup
                0x0000000008005b2c      0x11c /home/username/stm32/stm32f103c8t6/libopencm3/lib/libopencm3_stm32f1.a(st_usbfs_core.o)
                0x0000000008005b2c                st_usbfs_ep_setup
 .text.st_usbfs_endpoints_reset
                0x0000000008005c48       0x44 /home/username/stm32/stm32f103c8t6/libopencm3/lib/libopencm3_stm32f1.a(st_usbfs_core.o)
                0x0000000008005c48                st_usbfs_endpoints_reset
 .text.st_usbfs_ep_stall_set
                0x0000000008005c8c       0xbc /home/username/stm32/stm32f103c8t6/libopencm3/lib/libopencm3_stm32f1.a(st_usbfs_core.o)
                0x0000000008005c8c                st_usbfs_ep_stall_set
 .text.st_usbfs_ep_stall_get
                0x0000000008005d48       0x38 /home/username/stm32/stm32f103c8t6/libopencm3/lib/libopencm3_stm32f1.a(st_usbfs_core.o)
                0x0000000008005d48                st_usbfs_ep_stall_get
 .text.st_usbfs_ep_nak_set
                0x0000000008005d80       0x3c /home/username/stm32/stm32f103c8t6/libopencm3/lib/libopencm3_stm32f1.a(st_usbfs_core.o)
                0x0000000008005d80                st_usbfs_ep_nak_set
 .text.st_usbfs_ep_write_packet
                0x0000000008005dbc       0x7c /home/username/stm32/stm32f103c8t6/libopencm3/lib/libopencm3_stm32f1.a(st_usbfs_core.o)
                0x0000000008005dbc                st_usbfs_ep_write_packet
 .text.st_usbfs_ep_read_packet
                0x0000000008005e38       0xa8 /home/username/stm32/stm32f103c8t6/libopencm3/lib/libopencm3_stm32f1.a(st_usbfs_core.o)
                0x0000000008005e38                st_usbfs_ep_read_packet
 .text.st_usbfs_poll
                0x0000000008005ee0       0xe8 /home/username/stm32/stm32f103c8t6/libopencm3/lib/libopencm3_stm32f1.a(st_usbfs_core.o)
                0x0000000008005ee0                st_usbfs_poll
 .text.memmove  0x0000000008005fc8       0xcc /opt/gcc-arm/bin/../lib/gcc/arm-none-eabi/8.2.1/../../../../arm-none-eabi/lib/thumb/v7-m/nofp/libc.a(lib_a-memmove.o)
                0x0000000008005fc8                memmove
 .text.strlen   0x0000000008006094       0x5c /opt/gcc-arm/bin/../lib/gcc/arm-none-eabi/8.2.1/../../../../arm-none-eabi/lib/thumb/v7-m/nofp/libc.a(lib_a-strlen-stub.o)
                0x0000000008006094                strlen
                0x00000000080060f0                . = ALIGN (0x4)
 *(.rodata*)
 .rodata.cmds.5766
                0x00000000080060f0       0x18 main.o
 .rodata.main.str1.1
                0x0000000008006108        0x8 main.o
 .rodata.monitor_task.str1.1
                0x0000000008006110       0xe5 main.o
 .rodata.vTaskStartScheduler.str1.1
                0x00000000080061f5        0x5 rtos/tasks.o
 *fill*         0x00000000080061fa        0x2 
 .rodata.FONT_4X6
                0x00000000080061fc       0x14 ugui.o
                0x00000000080061fc                FONT_4X6
 .rodata.FONT_8X12
                0x0000000008006210       0x14 ugui.o
                0x0000000008006210                FONT_8X12
 .rodata.font_4x6
                0x0000000008006224      0x600 ugui.o
 .rodata.font_8x12
                0x0000000008006824      0xc00 ugui.o
 .rodata.meter_redraw.str1.1
                0x0000000008007424        0x7 meter.o
 .rodata.meter_set_value.str1.1
                0x000000000800742b        0xe meter.o
 *fill*         0x0000000008007439        0x3 
 .rodata.npio2_hw
                0x000000000800743c       0x80 /opt/gcc-arm/bin/../lib/gcc/arm-none-eabi/8.2.1/../../../../arm-none-eabi/lib/thumb/v7-m/nofp/libm.a(lib_a-e_rem_pio2.o)
 .rodata.two_over_pi
                0x00000000080074bc      0x108 /opt/gcc-arm/bin/../lib/gcc/arm-none-eabi/8.2.1/../../../../arm-none-eabi/lib/thumb/v7-m/nofp/libm.a(lib_a-e_rem_pio2.o)
 *fill*         0x00000000080075c4        0x4 
 .rodata.PIo2   0x00000000080075c8       0x40 /opt/gcc-arm/bin/../lib/gcc/arm-none-eabi/8.2.1/../../../../arm-none-eabi/lib/thumb/v7-m/nofp/libm.a(lib_a-k_rem_pio2.o)
 .rodata.init_jk
                0x0000000008007608       0x10 /opt/gcc-arm/bin/../lib/gcc/arm-none-eabi/8.2.1/../../../../arm-none-eabi/lib/thumb/v7-m/nofp/libm.a(lib_a-k_rem_pio2.o)
 .rodata._ctype_
                0x0000000008007618      0x101 /opt/gcc-arm/bin/../lib/gcc/arm-none-eabi/8.2.1/../../../../arm-none-eabi/lib/thumb/v7-m/nofp/libc.a(lib_a-ctype_.o)
                0x0000000008007618                _ctype_
 .rodata.cdcacm_functional_descriptors
                0x0000000008007719       0x13 /home/username/stm32/stm32f103c8t6//rtos/libwwg/libwwg.a(usbcdc.o)
 .rodata.comm_endp
                0x000000000800772c        0xf /home/username/stm32/stm32f103c8t6//rtos/libwwg/libwwg.a(usbcdc.o)
 .rodata.comm_iface
                0x000000000800773b       0x15 /home/username/stm32/stm32f103c8t6//rtos/libwwg/libwwg.a(usbcdc.o)
 .rodata.config
                0x0000000008007750        0xd /home/username/stm32/stm32f103c8t6//rtos/libwwg/libwwg.a(usbcdc.o)
 .rodata.cr.5673
                0x000000000800775d        0x1 /home/username/stm32/stm32f103c8t6//rtos/libwwg/libwwg.a(usbcdc.o)
 .rodata.data_endp
                0x000000000800775e       0x1e /home/username/stm32/stm32f103c8t6//rtos/libwwg/libwwg.a(usbcdc.o)
 .rodata.data_iface
                0x000000000800777c       0x15 /home/username/stm32/stm32f103c8t6//rtos/libwwg/libwwg.a(usbcdc.o)
 .rodata.dev    0x0000000008007791       0x12 /home/username/stm32/stm32f103c8t6//rtos/libwwg/libwwg.a(usbcdc.o)
 *fill*         0x00000000080077a3        0x1 
 .rodata.ifaces
                0x00000000080077a4       0x20 /home/username/stm32/stm32f103c8t6//rtos/libwwg/libwwg.a(usbcdc.o)
 .rodata.str1.1
                0x00000000080077c4       0x29 /home/username/stm32/stm32f103c8t6//rtos/libwwg/libwwg.a(usbcdc.o)
 .rodata.usb_start.str1.1
                0x00000000080077ed        0x4 /home/username/stm32/stm32f103c8t6//rtos/libwwg/libwwg.a(usbcdc.o)
 .rodata.internal_vprintf.str1.1
                0x00000000080077f1        0x3 /home/username/stm32/stm32f103c8t6//rtos/libwwg/libwwg.a(miniprintf.o)
 .rodata.dev_usb
                0x00000000080077f4       0x20 /home/username/stm32/stm32f103c8t6//rtos/libwwg/libwwg.a(mcuio.o)
 .rodata.uarts  0x0000000008007814       0x3c /home/username/stm32/stm32f103c8t6//rtos/libwwg/libwwg.a(uartlib.o)
 .rodata.st_usbfs_v1_usb_driver
                0x0000000008007850       0x34 /home/username/stm32/stm32f103c8t6/libopencm3/lib/libopencm3_stm32f1.a(st_usbfs_v1.o)
                0x0000000008007850                st_usbfs_v1_usb_driver
                0x0000000008007884                . = ALIGN (0x4)

.glue_7         0x0000000008007884        0x0
 .glue_7        0x0000000008007884        0x0 linker stubs

.glue_7t        0x0000000008007884        0x0
 .glue_7t       0x0000000008007884        0x0 linker stubs

.vfp11_veneer   0x0000000008007884        0x0
 .vfp11_veneer  0x0000000008007884        0x0 linker stubs

.v4_bx          0x0000000008007884        0x0
 .v4_bx         0x0000000008007884        0x0 linker stubs

.iplt           0x0000000008007884        0x0
 .iplt          0x0000000008007884        0x0 main.o

.rel.dyn        0x0000000008007884        0x0
 .rel.iplt      0x0000000008007884        0x0 main.o

.preinit_array  0x0000000008007884        0x0
                0x0000000008007884                . = ALIGN (0x4)
                0x0000000008007884                __preinit_array_start = .
 *(.preinit_array)
                0x0000000008007884                __preinit_array_end = .

.init_array     0x0000000008007884        0x0
                0x0000000008007884                . = ALIGN (0x4)
                0x0000000008007884                __init_array_start = .
 *(SORT_BY_NAME(.init_array.*))
 *(.init_array)
                0x0000000008007884                __init_array_end = .

.fini_array     0x0000000008007884        0x0
                0x0000000008007884                . = ALIGN (0x4)
                0x0000000008007884                __fini_array_start = .
 *(.fini_array)
 *(SORT_BY_NAME(.fini_array.*))
                0x0000000008007884                __fini_array_end = .

.ARM.extab
 *(.ARM.extab*)

.ARM.exidx      0x0000000008007884        0x0
                0x0000000008007884                __exidx_start = .
 *(.ARM.exidx*)
                0x0000000008007884                __exidx_end = .
                0x0000000008007884                . = ALIGN (0x4)
                0x0000000008007884                _etext = .

.data           0x0000000020000000       0x24 load address 0x0000000008007884
                0x0000000020000000                _data = .
 *(.data*)
 .data.uxCriticalNesting
                0x0000000020000000        0x4 rtos/port.o
 .data.usb_strings
                0x0000000020000004        0xc /home/username/stm32/stm32f103c8t6//rtos/libwwg/libwwg.a(usbcdc.o)
 .data.mcu_stdio
                0x0000000020000010        0x4 /home/username/stm32/stm32f103c8t6//rtos/libwwg/libwwg.a(mcuio.o)
                0x0000000020000010                mcu_stdio
 .data.mcu_usb  0x0000000020000014        0x4 /home/username/stm32/stm32f103c8t6//rtos/libwwg/libwwg.a(mcuio.o)
                0x0000000020000014                mcu_usb
 .data.rcc_ahb_frequency
                0x0000000020000018        0x4 /home/username/stm32/stm32f103c8t6/libopencm3/lib/libopencm3_stm32f1.a(rcc.o)
                0x0000000020000018                rcc_ahb_frequency
 .data.rcc_apb1_frequency
                0x000000002000001c        0x4 /home/username/stm32/stm32f103c8t6/libopencm3/lib/libopencm3_stm32f1.a(rcc.o)
                0x000000002000001c                rcc_apb1_frequency
 .data.rcc_apb2_frequency
                0x0000000020000020        0x4 /home/username/stm32/stm32f103c8t6/libopencm3/lib/libopencm3_stm32f1.a(rcc.o)
                0x0000000020000020                rcc_apb2_frequency
                0x0000000020000024                . = ALIGN (0x4)
                0x0000000020000024                _edata = .
                0x0000000008007884                _data_loadaddr = LOADADDR (.data)

.igot.plt       0x0000000020000024        0x0 load address 0x00000000080078a8
 .igot.plt      0x0000000020000024        0x0 main.o

.bss            0x0000000020000024     0x432c load address 0x00000000080078a8
 *(.bss*)
 .bss.pxEnd     0x0000000020000024        0x4 rtos/heap_4.o
 .bss.ucHeap    0x0000000020000028     0x3c00 rtos/heap_4.o
 .bss.xBlockAllocatedBit
                0x0000000020003c28        0x4 rtos/heap_4.o
 .bss.xFreeBytesRemaining
                0x0000000020003c2c        0x4 rtos/heap_4.o
 .bss.xMinimumEverFreeBytesRemaining
                0x0000000020003c30        0x4 rtos/heap_4.o
 .bss.xStart    0x0000000020003c34        0x8 rtos/heap_4.o
 .bss.pxCurrentTCB
                0x0000000020003c3c        0x4 rtos/tasks.o
                0x0000000020003c3c                pxCurrentTCB
 .bss.pxDelayedTaskList
                0x0000000020003c40        0x4 rtos/tasks.o
 .bss.pxOverflowDelayedTaskList
                0x0000000020003c44        0x4 rtos/tasks.o
 .bss.pxReadyTasksLists
                0x0000000020003c48       0x64 rtos/tasks.o
 .bss.uxCurrentNumberOfTasks
                0x0000000020003cac        0x4 rtos/tasks.o
 .bss.uxDeletedTasksWaitingCleanUp
                0x0000000020003cb0        0x4 rtos/tasks.o
 .bss.uxPendedTicks
                0x0000000020003cb4        0x4 rtos/tasks.o
 .bss.uxSchedulerSuspended
                0x0000000020003cb8        0x4 rtos/tasks.o
 .bss.uxTaskNumber
                0x0000000020003cbc        0x4 rtos/tasks.o
 .bss.uxTopReadyPriority
                0x0000000020003cc0        0x4 rtos/tasks.o
 .bss.xDelayedTaskList1
                0x0000000020003cc4       0x14 rtos/tasks.o
 .bss.xDelayedTaskList2
                0x0000000020003cd8       0x14 rtos/tasks.o
 .bss.xIdleTaskHandle
                0x0000000020003cec        0x4 rtos/tasks.o
 .bss.xNextTaskUnblockTime
                0x0000000020003cf0        0x4 rtos/tasks.o
 .bss.xNumOfOverflows
                0x0000000020003cf4        0x4 rtos/tasks.o
 .bss.xPendingReadyList
                0x0000000020003cf8       0x14 rtos/tasks.o
 .bss.xSchedulerRunning
                0x0000000020003d0c        0x4 rtos/tasks.o
 .bss.xSuspendedTaskList
                0x0000000020003d10       0x14 rtos/tasks.o
 .bss.xTasksWaitingTermination
                0x0000000020003d24       0x14 rtos/tasks.o
 .bss.xTickCount
                0x0000000020003d38        0x4 rtos/tasks.o
 .bss.xYieldPending
                0x0000000020003d3c        0x4 rtos/tasks.o
 .bss.gui       0x0000000020003d40        0x4 ugui.o
 .bss.gui       0x0000000020003d44       0x70 meter.o
 .bss.pixmap    0x0000000020003db4      0x400 meter.o
 .bss.initialized
                0x00000000200041b4        0x1 /home/username/stm32/stm32f103c8t6//rtos/libwwg/libwwg.a(usbcdc.o)
 *fill*         0x00000000200041b5        0x3 
 .bss.usb_rxq   0x00000000200041b8        0x4 /home/username/stm32/stm32f103c8t6//rtos/libwwg/libwwg.a(usbcdc.o)
 .bss.usb_txq   0x00000000200041bc        0x4 /home/username/stm32/stm32f103c8t6//rtos/libwwg/libwwg.a(usbcdc.o)
 .bss.usbd_control_buffer
                0x00000000200041c0       0x80 /home/username/stm32/stm32f103c8t6//rtos/libwwg/libwwg.a(usbcdc.o)
                0x00000000200041c0                usbd_control_buffer
 .bss.uart_data
                0x0000000020004240        0xc /home/username/stm32/stm32f103c8t6//rtos/libwwg/libwwg.a(uartlib.o)
 .bss.st_usbfs_dev
                0x000000002000424c       0xfc /home/username/stm32/stm32f103c8t6/libopencm3/lib/libopencm3_stm32f1.a(st_usbfs_core.o)
                0x000000002000424c                st_usbfs_dev
 .bss.st_usbfs_force_nak
                0x0000000020004348        0x8 /home/username/stm32/stm32f103c8t6/libopencm3/lib/libopencm3_stm32f1.a(st_usbfs_core.o)
                0x0000000020004348                st_usbfs_force_nak
 *(COMMON)
                0x0000000020004350                . = ALIGN (0x4)
                0x0000000020004350                _ebss = .

/DISCARD/
 *(.eh_frame)
                0x0000000020004350                . = ALIGN (0x4)
                0x0000000020004350                end = .
                0x0000000020005000                PROVIDE (_stack = (ORIGIN (ram) + LENGTH (ram)))
OUTPUT(main.elf elf32-littlearm)

.debug_info     0x0000000000000000    0x206f4
 .debug_info    0x0000000000000000     0x169f main.o
 .debug_info    0x000000000000169f      0xcb4 rtos/heap_4.o
 .debug_info    0x0000000000002353      0xb67 rtos/list.o
 .debug_info    0x0000000000002eba      0x33c rtos/port.o
 .debug_info    0x00000000000031f6     0x1d63 rtos/queue.o
 .debug_info    0x0000000000004f59     0x2b19 rtos/tasks.o
 .debug_info    0x0000000000007a72      0x136 rtos/opencm3.o
 .debug_info    0x0000000000007ba8     0x6c40 ugui.o
 .debug_info    0x000000000000e7e8     0x1a53 meter.o
 .debug_info    0x000000000001023b     0x1b96 /home/username/stm32/stm32f103c8t6//rtos/libwwg/libwwg.a(usbcdc.o)
 .debug_info    0x0000000000011dd1     0x126e /home/username/stm32/stm32f103c8t6//rtos/libwwg/libwwg.a(miniprintf.o)
 .debug_info    0x000000000001303f      0xc1c /home/username/stm32/stm32f103c8t6//rtos/libwwg/libwwg.a(mcuio.o)
 .debug_info    0x0000000000013c5b      0xb5a /home/username/stm32/stm32f103c8t6//rtos/libwwg/libwwg.a(getline.o)
 .debug_info    0x00000000000147b5     0x1c55 /home/username/stm32/stm32f103c8t6//rtos/libwwg/libwwg.a(uartlib.o)
 .debug_info    0x000000000001640a      0x216 /home/username/stm32/stm32f103c8t6/libopencm3/lib/libopencm3_stm32f1.a(gpio.o)
 .debug_info    0x0000000000016620      0x266 /home/username/stm32/stm32f103c8t6/libopencm3/lib/libopencm3_stm32f1.a(gpio_common_all.o)
 .debug_info    0x0000000000016886     0x128b /home/username/stm32/stm32f103c8t6/libopencm3/lib/libopencm3_stm32f1.a(rcc.o)
 .debug_info    0x0000000000017b11      0x639 /home/username/stm32/stm32f103c8t6/libopencm3/lib/libopencm3_stm32f1.a(rcc_common_all.o)
 .debug_info    0x000000000001814a      0xa10 /home/username/stm32/stm32f103c8t6/libopencm3/lib/libopencm3_stm32f1.a(spi_common_all.o)
 .debug_info    0x0000000000018b5a      0x18b /home/username/stm32/stm32f103c8t6/libopencm3/lib/libopencm3_stm32f1.a(spi_common_v1.o)
 .debug_info    0x0000000000018ce5      0x52d /home/username/stm32/stm32f103c8t6/libopencm3/lib/libopencm3_stm32f1.a(usart_common_all.o)
 .debug_info    0x0000000000019212      0x1c5 /home/username/stm32/stm32f103c8t6/libopencm3/lib/libopencm3_stm32f1.a(usart_common_f124.o)
 .debug_info    0x00000000000193d7     0x17fc /home/username/stm32/stm32f103c8t6/libopencm3/lib/libopencm3_stm32f1.a(usb.o)
 .debug_info    0x000000000001abd3     0x1931 /home/username/stm32/stm32f103c8t6/libopencm3/lib/libopencm3_stm32f1.a(usb_control.o)
 .debug_info    0x000000000001c504     0x1f90 /home/username/stm32/stm32f103c8t6/libopencm3/lib/libopencm3_stm32f1.a(usb_standard.o)
 .debug_info    0x000000000001e494      0xda7 /home/username/stm32/stm32f103c8t6/libopencm3/lib/libopencm3_stm32f1.a(st_usbfs_v1.o)
 .debug_info    0x000000000001f23b      0x32a /home/username/stm32/stm32f103c8t6/libopencm3/lib/libopencm3_stm32f1.a(vector.o)
 .debug_info    0x000000000001f565       0xfc /home/username/stm32/stm32f103c8t6/libopencm3/lib/libopencm3_stm32f1.a(flash_common_all.o)
 .debug_info    0x000000000001f661     0x1093 /home/username/stm32/stm32f103c8t6/libopencm3/lib/libopencm3_stm32f1.a(st_usbfs_core.o)

.debug_abbrev   0x0000000000000000     0x4f9f
 .debug_abbrev  0x0000000000000000      0x41b main.o
 .debug_abbrev  0x000000000000041b      0x36a rtos/heap_4.o
 .debug_abbrev  0x0000000000000785      0x22f rtos/list.o
 .debug_abbrev  0x00000000000009b4      0x22c rtos/port.o
 .debug_abbrev  0x0000000000000be0      0x3d0 rtos/queue.o
 .debug_abbrev  0x0000000000000fb0      0x500 rtos/tasks.o
 .debug_abbrev  0x00000000000014b0       0x89 rtos/opencm3.o
 .debug_abbrev  0x0000000000001539      0x469 ugui.o
 .debug_abbrev  0x00000000000019a2      0x42b meter.o
 .debug_abbrev  0x0000000000001dcd      0x46e /home/username/stm32/stm32f103c8t6//rtos/libwwg/libwwg.a(usbcdc.o)
 .debug_abbrev  0x000000000000223b      0x49b /home/username/stm32/stm32f103c8t6//rtos/libwwg/libwwg.a(miniprintf.o)
 .debug_abbrev  0x00000000000026d6      0x296 /home/username/stm32/stm32f103c8t6//rtos/libwwg/libwwg.a(mcuio.o)
 .debug_abbrev  0x000000000000296c      0x279 /home/username/stm32/stm32f103c8t6//rtos/libwwg/libwwg.a(getline.o)
 .debug_abbrev  0x0000000000002be5      0x46a /home/username/stm32/stm32f103c8t6//rtos/libwwg/libwwg.a(uartlib.o)
 .debug_abbrev  0x000000000000304f       0xd0 /home/username/stm32/stm32f103c8t6/libopencm3/lib/libopencm3_stm32f1.a(gpio.o)
 .debug_abbrev  0x000000000000311f      0x116 /home/username/stm32/stm32f103c8t6/libopencm3/lib/libopencm3_stm32f1.a(gpio_common_all.o)
 .debug_abbrev  0x0000000000003235      0x2e4 /home/username/stm32/stm32f103c8t6/libopencm3/lib/libopencm3_stm32f1.a(rcc.o)
 .debug_abbrev  0x0000000000003519      0x158 /home/username/stm32/stm32f103c8t6/libopencm3/lib/libopencm3_stm32f1.a(rcc_common_all.o)
 .debug_abbrev  0x0000000000003671      0x1e8 /home/username/stm32/stm32f103c8t6/libopencm3/lib/libopencm3_stm32f1.a(spi_common_all.o)
 .debug_abbrev  0x0000000000003859       0xe5 /home/username/stm32/stm32f103c8t6/libopencm3/lib/libopencm3_stm32f1.a(spi_common_v1.o)
 .debug_abbrev  0x000000000000393e      0x129 /home/username/stm32/stm32f103c8t6/libopencm3/lib/libopencm3_stm32f1.a(usart_common_all.o)
 .debug_abbrev  0x0000000000003a67       0xc8 /home/username/stm32/stm32f103c8t6/libopencm3/lib/libopencm3_stm32f1.a(usart_common_f124.o)
 .debug_abbrev  0x0000000000003b2f      0x333 /home/username/stm32/stm32f103c8t6/libopencm3/lib/libopencm3_stm32f1.a(usb.o)
 .debug_abbrev  0x0000000000003e62      0x477 /home/username/stm32/stm32f103c8t6/libopencm3/lib/libopencm3_stm32f1.a(usb_control.o)
 .debug_abbrev  0x00000000000042d9      0x594 /home/username/stm32/stm32f103c8t6/libopencm3/lib/libopencm3_stm32f1.a(usb_standard.o)
 .debug_abbrev  0x000000000000486d      0x265 /home/username/stm32/stm32f103c8t6/libopencm3/lib/libopencm3_stm32f1.a(st_usbfs_v1.o)
 .debug_abbrev  0x0000000000004ad2      0x176 /home/username/stm32/stm32f103c8t6/libopencm3/lib/libopencm3_stm32f1.a(vector.o)
 .debug_abbrev  0x0000000000004c48       0x9a /home/username/stm32/stm32f103c8t6/libopencm3/lib/libopencm3_stm32f1.a(flash_common_all.o)
 .debug_abbrev  0x0000000000004ce2      0x2bd /home/username/stm32/stm32f103c8t6/libopencm3/lib/libopencm3_stm32f1.a(st_usbfs_core.o)

.debug_loc      0x0000000000000000    0x10cba
 .debug_loc     0x0000000000000000      0x2b5 main.o
 .debug_loc     0x00000000000002b5      0x360 rtos/heap_4.o
 .debug_loc     0x0000000000000615       0xbd rtos/list.o
 .debug_loc     0x00000000000006d2       0xbe rtos/port.o
 .debug_loc     0x0000000000000790     0x10b7 rtos/queue.o
 .debug_loc     0x0000000000001847     0x179d rtos/tasks.o
 .debug_loc     0x0000000000002fe4     0x7a88 ugui.o
 .debug_loc     0x000000000000aa6c      0x7ed meter.o
 .debug_loc     0x000000000000b259      0x4da /home/username/stm32/stm32f103c8t6//rtos/libwwg/libwwg.a(usbcdc.o)
 .debug_loc     0x000000000000b733      0xaac /home/username/stm32/stm32f103c8t6//rtos/libwwg/libwwg.a(miniprintf.o)
 .debug_loc     0x000000000000c1df       0x4f /home/username/stm32/stm32f103c8t6//rtos/libwwg/libwwg.a(mcuio.o)
 .debug_loc     0x000000000000c22e      0x2d1 /home/username/stm32/stm32f103c8t6//rtos/libwwg/libwwg.a(getline.o)
 .debug_loc     0x000000000000c4ff      0xd59 /home/username/stm32/stm32f103c8t6//rtos/libwwg/libwwg.a(uartlib.o)
 .debug_loc     0x000000000000d258      0x170 /home/username/stm32/stm32f103c8t6/libopencm3/lib/libopencm3_stm32f1.a(gpio.o)
 .debug_loc     0x000000000000d3c8       0xbe /home/username/stm32/stm32f103c8t6/libopencm3/lib/libopencm3_stm32f1.a(gpio_common_all.o)
 .debug_loc     0x000000000000d486      0x558 /home/username/stm32/stm32f103c8t6/libopencm3/lib/libopencm3_stm32f1.a(rcc.o)
 .debug_loc     0x000000000000d9de      0x128 /home/username/stm32/stm32f103c8t6/libopencm3/lib/libopencm3_stm32f1.a(rcc_common_all.o)
 .debug_loc     0x000000000000db06      0x195 /home/username/stm32/stm32f103c8t6/libopencm3/lib/libopencm3_stm32f1.a(spi_common_all.o)
 .debug_loc     0x000000000000dc9b      0x124 /home/username/stm32/stm32f103c8t6/libopencm3/lib/libopencm3_stm32f1.a(spi_common_v1.o)
 .debug_loc     0x000000000000ddbf      0x1e1 /home/username/stm32/stm32f103c8t6/libopencm3/lib/libopencm3_stm32f1.a(usart_common_all.o)
 .debug_loc     0x000000000000dfa0       0x99 /home/username/stm32/stm32f103c8t6/libopencm3/lib/libopencm3_stm32f1.a(usart_common_f124.o)
 .debug_loc     0x000000000000e039      0x544 /home/username/stm32/stm32f103c8t6/libopencm3/lib/libopencm3_stm32f1.a(usb.o)
 .debug_loc     0x000000000000e57d      0x81a /home/username/stm32/stm32f103c8t6/libopencm3/lib/libopencm3_stm32f1.a(usb_control.o)
 .debug_loc     0x000000000000ed97     0x139b /home/username/stm32/stm32f103c8t6/libopencm3/lib/libopencm3_stm32f1.a(usb_standard.o)
 .debug_loc     0x0000000000010132      0x1b5 /home/username/stm32/stm32f103c8t6/libopencm3/lib/libopencm3_stm32f1.a(st_usbfs_v1.o)
 .debug_loc     0x00000000000102e7      0x114 /home/username/stm32/stm32f103c8t6/libopencm3/lib/libopencm3_stm32f1.a(vector.o)
 .debug_loc     0x00000000000103fb       0x47 /home/username/stm32/stm32f103c8t6/libopencm3/lib/libopencm3_stm32f1.a(flash_common_all.o)
 .debug_loc     0x0000000000010442      0x878 /home/username/stm32/stm32f103c8t6/libopencm3/lib/libopencm3_stm32f1.a(st_usbfs_core.o)

.debug_aranges  0x0000000000000000     0x12d8
 .debug_aranges
                0x0000000000000000       0x40 main.o
 .debug_aranges
                0x0000000000000040       0x48 rtos/heap_4.o
 .debug_aranges
                0x0000000000000088       0x40 rtos/list.o
 .debug_aranges
                0x00000000000000c8       0x70 rtos/port.o
 .debug_aranges
                0x0000000000000138       0xa8 rtos/queue.o
 .debug_aranges
                0x00000000000001e0      0x158 rtos/tasks.o
 .debug_aranges
                0x0000000000000338       0x30 rtos/opencm3.o
 .debug_aranges
                0x0000000000000368      0x548 ugui.o
 .debug_aranges
                0x00000000000008b0       0x48 meter.o
 .debug_aranges
                0x00000000000008f8       0x98 /home/username/stm32/stm32f103c8t6//rtos/libwwg/libwwg.a(usbcdc.o)
 .debug_aranges
                0x0000000000000990       0x58 /home/username/stm32/stm32f103c8t6//rtos/libwwg/libwwg.a(miniprintf.o)
 .debug_aranges
                0x00000000000009e8       0x28 /home/username/stm32/stm32f103c8t6//rtos/libwwg/libwwg.a(mcuio.o)
 .debug_aranges
                0x0000000000000a10       0x20 /home/username/stm32/stm32f103c8t6//rtos/libwwg/libwwg.a(getline.o)
 .debug_aranges
                0x0000000000000a30      0x140 /home/username/stm32/stm32f103c8t6//rtos/libwwg/libwwg.a(uartlib.o)
 .debug_aranges
                0x0000000000000b70       0x38 /home/username/stm32/stm32f103c8t6/libopencm3/lib/libopencm3_stm32f1.a(gpio.o)
 .debug_aranges
                0x0000000000000ba8       0x50 /home/username/stm32/stm32f103c8t6/libopencm3/lib/libopencm3_stm32f1.a(gpio_common_all.o)
 .debug_aranges
                0x0000000000000bf8      0x158 /home/username/stm32/stm32f103c8t6/libopencm3/lib/libopencm3_stm32f1.a(rcc.o)
 .debug_aranges
                0x0000000000000d50       0x68 /home/username/stm32/stm32f103c8t6/libopencm3/lib/libopencm3_stm32f1.a(rcc_common_all.o)
 .debug_aranges
                0x0000000000000db8      0x178 /home/username/stm32/stm32f103c8t6/libopencm3/lib/libopencm3_stm32f1.a(spi_common_all.o)
 .debug_aranges
                0x0000000000000f30       0x30 /home/username/stm32/stm32f103c8t6/libopencm3/lib/libopencm3_stm32f1.a(spi_common_v1.o)
 .debug_aranges
                0x0000000000000f60       0xb8 /home/username/stm32/stm32f103c8t6/libopencm3/lib/libopencm3_stm32f1.a(usart_common_all.o)
 .debug_aranges
                0x0000000000001018       0x40 /home/username/stm32/stm32f103c8t6/libopencm3/lib/libopencm3_stm32f1.a(usart_common_f124.o)
 .debug_aranges
                0x0000000000001058       0x88 /home/username/stm32/stm32f103c8t6/libopencm3/lib/libopencm3_stm32f1.a(usb.o)
 .debug_aranges
                0x00000000000010e0       0x60 /home/username/stm32/stm32f103c8t6/libopencm3/lib/libopencm3_stm32f1.a(usb_control.o)
 .debug_aranges
                0x0000000000001140       0x98 /home/username/stm32/stm32f103c8t6/libopencm3/lib/libopencm3_stm32f1.a(usb_standard.o)
 .debug_aranges
                0x00000000000011d8       0x30 /home/username/stm32/stm32f103c8t6/libopencm3/lib/libopencm3_stm32f1.a(st_usbfs_v1.o)
 .debug_aranges
                0x0000000000001208       0x30 /home/username/stm32/stm32f103c8t6/libopencm3/lib/libopencm3_stm32f1.a(vector.o)
 .debug_aranges
                0x0000000000001238       0x38 /home/username/stm32/stm32f103c8t6/libopencm3/lib/libopencm3_stm32f1.a(flash_common_all.o)
 .debug_aranges
                0x0000000000001270       0x68 /home/username/stm32/stm32f103c8t6/libopencm3/lib/libopencm3_stm32f1.a(st_usbfs_core.o)

.debug_ranges   0x0000000000000000     0x1890
 .debug_ranges  0x0000000000000000       0x98 main.o
 .debug_ranges  0x0000000000000098       0x38 rtos/heap_4.o
 .debug_ranges  0x00000000000000d0       0x30 rtos/list.o
 .debug_ranges  0x0000000000000100       0x78 rtos/port.o
 .debug_ranges  0x0000000000000178      0x208 rtos/queue.o
 .debug_ranges  0x0000000000000380      0x2d8 rtos/tasks.o
 .debug_ranges  0x0000000000000658       0x20 rtos/opencm3.o
 .debug_ranges  0x0000000000000678      0x5b8 ugui.o
 .debug_ranges  0x0000000000000c30       0xf8 meter.o
 .debug_ranges  0x0000000000000d28       0xa0 /home/username/stm32/stm32f103c8t6//rtos/libwwg/libwwg.a(usbcdc.o)
 .debug_ranges  0x0000000000000dc8       0x90 /home/username/stm32/stm32f103c8t6//rtos/libwwg/libwwg.a(miniprintf.o)
 .debug_ranges  0x0000000000000e58       0x18 /home/username/stm32/stm32f103c8t6//rtos/libwwg/libwwg.a(mcuio.o)
 .debug_ranges  0x0000000000000e70       0x58 /home/username/stm32/stm32f103c8t6//rtos/libwwg/libwwg.a(getline.o)
 .debug_ranges  0x0000000000000ec8      0x148 /home/username/stm32/stm32f103c8t6//rtos/libwwg/libwwg.a(uartlib.o)
 .debug_ranges  0x0000000000001010       0x28 /home/username/stm32/stm32f103c8t6/libopencm3/lib/libopencm3_stm32f1.a(gpio.o)
 .debug_ranges  0x0000000000001038       0x40 /home/username/stm32/stm32f103c8t6/libopencm3/lib/libopencm3_stm32f1.a(gpio_common_all.o)
 .debug_ranges  0x0000000000001078      0x1b8 /home/username/stm32/stm32f103c8t6/libopencm3/lib/libopencm3_stm32f1.a(rcc.o)
 .debug_ranges  0x0000000000001230       0x58 /home/username/stm32/stm32f103c8t6/libopencm3/lib/libopencm3_stm32f1.a(rcc_common_all.o)
 .debug_ranges  0x0000000000001288      0x168 /home/username/stm32/stm32f103c8t6/libopencm3/lib/libopencm3_stm32f1.a(spi_common_all.o)
 .debug_ranges  0x00000000000013f0       0x20 /home/username/stm32/stm32f103c8t6/libopencm3/lib/libopencm3_stm32f1.a(spi_common_v1.o)
 .debug_ranges  0x0000000000001410       0xa8 /home/username/stm32/stm32f103c8t6/libopencm3/lib/libopencm3_stm32f1.a(usart_common_all.o)
 .debug_ranges  0x00000000000014b8       0x30 /home/username/stm32/stm32f103c8t6/libopencm3/lib/libopencm3_stm32f1.a(usart_common_f124.o)
 .debug_ranges  0x00000000000014e8       0x78 /home/username/stm32/stm32f103c8t6/libopencm3/lib/libopencm3_stm32f1.a(usb.o)
 .debug_ranges  0x0000000000001560       0x90 /home/username/stm32/stm32f103c8t6/libopencm3/lib/libopencm3_stm32f1.a(usb_control.o)
 .debug_ranges  0x00000000000015f0      0x100 /home/username/stm32/stm32f103c8t6/libopencm3/lib/libopencm3_stm32f1.a(usb_standard.o)
 .debug_ranges  0x00000000000016f0       0x20 /home/username/stm32/stm32f103c8t6/libopencm3/lib/libopencm3_stm32f1.a(st_usbfs_v1.o)
 .debug_ranges  0x0000000000001710       0x38 /home/username/stm32/stm32f103c8t6/libopencm3/lib/libopencm3_stm32f1.a(vector.o)
 .debug_ranges  0x0000000000001748       0x28 /home/username/stm32/stm32f103c8t6/libopencm3/lib/libopencm3_stm32f1.a(flash_common_all.o)
 .debug_ranges  0x0000000000001770      0x120 /home/username/stm32/stm32f103c8t6/libopencm3/lib/libopencm3_stm32f1.a(st_usbfs_core.o)

.debug_line     0x0000000000000000     0xf0d2
 .debug_line    0x0000000000000000      0x51f main.o
 .debug_line    0x000000000000051f      0x439 rtos/heap_4.o
 .debug_line    0x0000000000000958      0x2be rtos/list.o
 .debug_line    0x0000000000000c16      0x2e9 rtos/port.o
 .debug_line    0x0000000000000eff      0xbf0 rtos/queue.o
 .debug_line    0x0000000000001aef     0x1800 rtos/tasks.o
 .debug_line    0x00000000000032ef      0x131 rtos/opencm3.o
 .debug_line    0x0000000000003420     0x483a ugui.o
 .debug_line    0x0000000000007c5a      0x66d meter.o
 .debug_line    0x00000000000082c7      0x67a /home/username/stm32/stm32f103c8t6//rtos/libwwg/libwwg.a(usbcdc.o)
 .debug_line    0x0000000000008941      0x59d /home/username/stm32/stm32f103c8t6//rtos/libwwg/libwwg.a(miniprintf.o)
 .debug_line    0x0000000000008ede      0x16f /home/username/stm32/stm32f103c8t6//rtos/libwwg/libwwg.a(mcuio.o)
 .debug_line    0x000000000000904d      0x31d /home/username/stm32/stm32f103c8t6//rtos/libwwg/libwwg.a(getline.o)
 .debug_line    0x000000000000936a      0x9f2 /home/username/stm32/stm32f103c8t6//rtos/libwwg/libwwg.a(uartlib.o)
 .debug_line    0x0000000000009d5c      0x331 /home/username/stm32/stm32f103c8t6/libopencm3/lib/libopencm3_stm32f1.a(gpio.o)
 .debug_line    0x000000000000a08d      0x354 /home/username/stm32/stm32f103c8t6/libopencm3/lib/libopencm3_stm32f1.a(gpio_common_all.o)
 .debug_line    0x000000000000a3e1      0xc6e /home/username/stm32/stm32f103c8t6/libopencm3/lib/libopencm3_stm32f1.a(rcc.o)
 .debug_line    0x000000000000b04f      0x3d5 /home/username/stm32/stm32f103c8t6/libopencm3/lib/libopencm3_stm32f1.a(rcc_common_all.o)
 .debug_line    0x000000000000b424      0x86a /home/username/stm32/stm32f103c8t6/libopencm3/lib/libopencm3_stm32f1.a(spi_common_all.o)
 .debug_line    0x000000000000bc8e      0x30c /home/username/stm32/stm32f103c8t6/libopencm3/lib/libopencm3_stm32f1.a(spi_common_v1.o)
 .debug_line    0x000000000000bf9a      0x55b /home/username/stm32/stm32f103c8t6/libopencm3/lib/libopencm3_stm32f1.a(usart_common_all.o)
 .debug_line    0x000000000000c4f5      0x33b /home/username/stm32/stm32f103c8t6/libopencm3/lib/libopencm3_stm32f1.a(usart_common_f124.o)
 .debug_line    0x000000000000c830      0x497 /home/username/stm32/stm32f103c8t6/libopencm3/lib/libopencm3_stm32f1.a(usb.o)
 .debug_line    0x000000000000ccc7      0x6a5 /home/username/stm32/stm32f103c8t6/libopencm3/lib/libopencm3_stm32f1.a(usb_control.o)
 .debug_line    0x000000000000d36c      0xb62 /home/username/stm32/stm32f103c8t6/libopencm3/lib/libopencm3_stm32f1.a(usb_standard.o)
 .debug_line    0x000000000000dece      0x3ca /home/username/stm32/stm32f103c8t6/libopencm3/lib/libopencm3_stm32f1.a(st_usbfs_v1.o)
 .debug_line    0x000000000000e298      0x381 /home/username/stm32/stm32f103c8t6/libopencm3/lib/libopencm3_stm32f1.a(vector.o)
 .debug_line    0x000000000000e619      0x305 /home/username/stm32/stm32f103c8t6/libopencm3/lib/libopencm3_stm32f1.a(flash_common_all.o)
 .debug_line    0x000000000000e91e      0x7b4 /home/username/stm32/stm32f103c8t6/libopencm3/lib/libopencm3_stm32f1.a(st_usbfs_core.o)

.debug_str      0x0000000000000000    0x188cc
 .debug_str     0x0000000000000000      0x97b main.o
                                        0xabe (size before relaxing)
 .debug_str     0x000000000000097b      0x1eb rtos/heap_4.o
                                        0x763 (size before relaxing)
 .debug_str     0x0000000000000b66      0x135 rtos/list.o
                                        0x6be (size before relaxing)
 .debug_str     0x0000000000000c9b      0x183 rtos/port.o
                                        0x33c (size before relaxing)
 .debug_str     0x0000000000000e1e      0x4ca rtos/queue.o
                                        0xbe0 (size before relaxing)
 .debug_str     0x00000000000012e8      0x85e rtos/tasks.o
                                       0x11c2 (size before relaxing)
 .debug_str     0x0000000000001b46       0x40 rtos/opencm3.o
                                        0x246 (size before relaxing)
 .debug_str     0x0000000000001b86     0x101f ugui.o
                                       0x1265 (size before relaxing)
 .debug_str     0x0000000000002ba5       0xab meter.o
                                        0x9b4 (size before relaxing)
 .debug_str     0x0000000000002c50      0x71b /home/username/stm32/stm32f103c8t6//rtos/libwwg/libwwg.a(usbcdc.o)
                                       0x1049 (size before relaxing)
 .debug_str     0x000000000000336b       0xe7 /home/username/stm32/stm32f103c8t6//rtos/libwwg/libwwg.a(miniprintf.o)
                                        0x6c9 (size before relaxing)
 .debug_str     0x0000000000003452       0x39 /home/username/stm32/stm32f103c8t6//rtos/libwwg/libwwg.a(mcuio.o)
                                        0x66e (size before relaxing)
 .debug_str     0x000000000000348b       0x25 /home/username/stm32/stm32f103c8t6//rtos/libwwg/libwwg.a(getline.o)
                                        0x58c (size before relaxing)
 .debug_str     0x00000000000034b0      0x326 /home/username/stm32/stm32f103c8t6//rtos/libwwg/libwwg.a(uartlib.o)
                                        0xbd9 (size before relaxing)
 .debug_str     0x00000000000037d6     0x8396 /home/username/stm32/stm32f103c8t6/libopencm3/lib/libopencm3_stm32f1.a(gpio.o)
                                       0x8575 (size before relaxing)
 .debug_str     0x000000000000bb6c       0x6c /home/username/stm32/stm32f103c8t6/libopencm3/lib/libopencm3_stm32f1.a(gpio_common_all.o)
                                       0x8569 (size before relaxing)
 .debug_str     0x000000000000bbd8     0x30b6 /home/username/stm32/stm32f103c8t6/libopencm3/lib/libopencm3_stm32f1.a(rcc.o)
                                       0x7e68 (size before relaxing)
 .debug_str     0x000000000000ec8e      0x35b /home/username/stm32/stm32f103c8t6/libopencm3/lib/libopencm3_stm32f1.a(rcc_common_all.o)
                                       0x777e (size before relaxing)
 .debug_str     0x000000000000efe9     0x116c /home/username/stm32/stm32f103c8t6/libopencm3/lib/libopencm3_stm32f1.a(spi_common_all.o)
                                       0x857e (size before relaxing)
 .debug_str     0x0000000000010155       0x50 /home/username/stm32/stm32f103c8t6/libopencm3/lib/libopencm3_stm32f1.a(spi_common_v1.o)
                                       0x7f8f (size before relaxing)
 .debug_str     0x00000000000101a5     0x10b2 /home/username/stm32/stm32f103c8t6/libopencm3/lib/libopencm3_stm32f1.a(usart_common_all.o)
                                       0x833d (size before relaxing)
 .debug_str     0x0000000000011257       0x2d /home/username/stm32/stm32f103c8t6/libopencm3/lib/libopencm3_stm32f1.a(usart_common_f124.o)
                                       0x8177 (size before relaxing)
 .debug_str     0x0000000000011284     0x367b /home/username/stm32/stm32f103c8t6/libopencm3/lib/libopencm3_stm32f1.a(usb.o)
                                       0x7fec (size before relaxing)
 .debug_str     0x00000000000148ff      0x19b /home/username/stm32/stm32f103c8t6/libopencm3/lib/libopencm3_stm32f1.a(usb_control.o)
                                       0x8039 (size before relaxing)
 .debug_str     0x0000000000014a9a      0x29c /home/username/stm32/stm32f103c8t6/libopencm3/lib/libopencm3_stm32f1.a(usb_standard.o)
                                       0x816c (size before relaxing)
 .debug_str     0x0000000000014d36     0x1594 /home/username/stm32/stm32f103c8t6/libopencm3/lib/libopencm3_stm32f1.a(st_usbfs_v1.o)
                                       0x989d (size before relaxing)
 .debug_str     0x00000000000162ca     0x2485 /home/username/stm32/stm32f103c8t6/libopencm3/lib/libopencm3_stm32f1.a(vector.o)
                                       0x663e (size before relaxing)
 .debug_str     0x000000000001874f       0x64 /home/username/stm32/stm32f103c8t6/libopencm3/lib/libopencm3_stm32f1.a(flash_common_all.o)
                                       0x5541 (size before relaxing)
 .debug_str     0x00000000000187b3      0x119 /home/username/stm32/stm32f103c8t6/libopencm3/lib/libopencm3_stm32f1.a(st_usbfs_core.o)
                                       0x97b9 (size before relaxing)

.comment        0x0000000000000000       0x75
 .comment       0x0000000000000000       0x75 main.o
                                         0x76 (size before relaxing)
 .comment       0x0000000000000075       0x76 rtos/heap_4.o
 .comment       0x0000000000000075       0x76 rtos/list.o
 .comment       0x0000000000000075       0x76 rtos/port.o
 .comment       0x0000000000000075       0x76 rtos/queue.o
 .comment       0x0000000000000075       0x76 rtos/tasks.o
 .comment       0x0000000000000075       0x76 rtos/opencm3.o
 .comment       0x0000000000000075       0x76 ugui.o
 .comment       0x0000000000000075       0x76 meter.o
 .comment       0x0000000000000075       0x76 /home/username/stm32/stm32f103c8t6//rtos/libwwg/libwwg.a(usbcdc.o)
 .comment       0x0000000000000075       0x76 /home/username/stm32/stm32f103c8t6//rtos/libwwg/libwwg.a(miniprintf.o)
 .comment       0x0000000000000075       0x76 /home/username/stm32/stm32f103c8t6//rtos/libwwg/libwwg.a(mcuio.o)
 .comment       0x0000000000000075       0x76 /home/username/stm32/stm32f103c8t6//rtos/libwwg/libwwg.a(getline.o)
 .comment       0x0000000000000075       0x76 /home/username/stm32/stm32f103c8t6//rtos/libwwg/libwwg.a(uartlib.o)
 .comment       0x0000000000000075       0x76 /home/username/stm32/stm32f103c8t6/libopencm3/lib/libopencm3_stm32f1.a(gpio.o)
 .comment       0x0000000000000075       0x76 /home/username/stm32/stm32f103c8t6/libopencm3/lib/libopencm3_stm32f1.a(gpio_common_all.o)
 .comment       0x0000000000000075       0x76 /home/username/stm32/stm32f103c8t6/libopencm3/lib/libopencm3_stm32f1.a(rcc.o)
 .comment       0x0000000000000075       0x76 /home/username/stm32/stm32f103c8t6/libopencm3/lib/libopencm3_stm32f1.a(rcc_common_all.o)
 .comment       0x0000000000000075       0x76 /home/username/stm32/stm32f103c8t6/libopencm3/lib/libopencm3_stm32f1.a(spi_common_all.o)
 .comment       0x0000000000000075       0x76 /home/username/stm32/stm32f103c8t6/libopencm3/lib/libopencm3_stm32f1.a(spi_common_v1.o)
 .comment       0x0000000000000075       0x76 /home/username/stm32/stm32f103c8t6/libopencm3/lib/libopencm3_stm32f1.a(usart_common_all.o)
 .comment       0x0000000000000075       0x76 /home/username/stm32/stm32f103c8t6/libopencm3/lib/libopencm3_stm32f1.a(usart_common_f124.o)
 .comment       0x0000000000000075       0x76 /home/username/stm32/stm32f103c8t6/libopencm3/lib/libopencm3_stm32f1.a(usb.o)
 .comment       0x0000000000000075       0x76 /home/username/stm32/stm32f103c8t6/libopencm3/lib/libopencm3_stm32f1.a(usb_control.o)
 .comment       0x0000000000000075       0x76 /home/username/stm32/stm32f103c8t6/libopencm3/lib/libopencm3_stm32f1.a(usb_standard.o)
 .comment       0x0000000000000075       0x76 /home/username/stm32/stm32f103c8t6/libopencm3/lib/libopencm3_stm32f1.a(st_usbfs_v1.o)
 .comment       0x0000000000000075       0x76 /home/username/stm32/stm32f103c8t6/libopencm3/lib/libopencm3_stm32f1.a(vector.o)
 .comment       0x0000000000000075       0x76 /home/username/stm32/stm32f103c8t6/libopencm3/lib/libopencm3_stm32f1.a(flash_common_all.o)
 .comment       0x0000000000000075       0x76 /home/username/stm32/stm32f103c8t6/libopencm3/lib/libopencm3_stm32f1.a(st_usbfs_core.o)

.ARM.attributes
                0x0000000000000000       0x2b
 .ARM.attributes
                0x0000000000000000       0x2d main.o
 .ARM.attributes
                0x000000000000002d       0x2d rtos/heap_4.o
 .ARM.attributes
                0x000000000000005a       0x2d rtos/list.o
 .ARM.attributes
                0x0000000000000087       0x2d rtos/port.o
 .ARM.attributes
                0x00000000000000b4       0x2d rtos/queue.o
 .ARM.attributes
                0x00000000000000e1       0x2d rtos/tasks.o
 .ARM.attributes
                0x000000000000010e       0x2d rtos/opencm3.o
 .ARM.attributes
                0x000000000000013b       0x2d ugui.o
 .ARM.attributes
                0x0000000000000168       0x2d meter.o
 .ARM.attributes
                0x0000000000000195       0x2d /opt/gcc-arm/bin/../lib/gcc/arm-none-eabi/8.2.1/../../../../arm-none-eabi/lib/thumb/v7-m/nofp/libm.a(lib_a-s_cos.o)
 .ARM.attributes
                0x00000000000001c2       0x2d /opt/gcc-arm/bin/../lib/gcc/arm-none-eabi/8.2.1/../../../../arm-none-eabi/lib/thumb/v7-m/nofp/libm.a(lib_a-s_sin.o)
 .ARM.attributes
                0x00000000000001ef       0x2d /opt/gcc-arm/bin/../lib/gcc/arm-none-eabi/8.2.1/../../../../arm-none-eabi/lib/thumb/v7-m/nofp/libm.a(lib_a-e_rem_pio2.o)
 .ARM.attributes
                0x000000000000021c       0x2d /opt/gcc-arm/bin/../lib/gcc/arm-none-eabi/8.2.1/../../../../arm-none-eabi/lib/thumb/v7-m/nofp/libm.a(lib_a-k_cos.o)
 .ARM.attributes
                0x0000000000000249       0x2d /opt/gcc-arm/bin/../lib/gcc/arm-none-eabi/8.2.1/../../../../arm-none-eabi/lib/thumb/v7-m/nofp/libm.a(lib_a-k_rem_pio2.o)
 .ARM.attributes
                0x0000000000000276       0x2d /opt/gcc-arm/bin/../lib/gcc/arm-none-eabi/8.2.1/../../../../arm-none-eabi/lib/thumb/v7-m/nofp/libm.a(lib_a-k_sin.o)
 .ARM.attributes
                0x00000000000002a3       0x2d /opt/gcc-arm/bin/../lib/gcc/arm-none-eabi/8.2.1/../../../../arm-none-eabi/lib/thumb/v7-m/nofp/libm.a(lib_a-s_fabs.o)
 .ARM.attributes
                0x00000000000002d0       0x2d /opt/gcc-arm/bin/../lib/gcc/arm-none-eabi/8.2.1/../../../../arm-none-eabi/lib/thumb/v7-m/nofp/libm.a(lib_a-s_floor.o)
 .ARM.attributes
                0x00000000000002fd       0x2d /opt/gcc-arm/bin/../lib/gcc/arm-none-eabi/8.2.1/../../../../arm-none-eabi/lib/thumb/v7-m/nofp/libm.a(lib_a-s_scalbn.o)
 .ARM.attributes
                0x000000000000032a       0x2d /opt/gcc-arm/bin/../lib/gcc/arm-none-eabi/8.2.1/../../../../arm-none-eabi/lib/thumb/v7-m/nofp/libc.a(lib_a-ctype_.o)
 .ARM.attributes
                0x0000000000000357       0x1b /opt/gcc-arm/bin/../lib/gcc/arm-none-eabi/8.2.1/../../../../arm-none-eabi/lib/thumb/v7-m/nofp/libc.a(lib_a-memcpy.o)
 .ARM.attributes
                0x0000000000000372       0x2d /opt/gcc-arm/bin/../lib/gcc/arm-none-eabi/8.2.1/../../../../arm-none-eabi/lib/thumb/v7-m/nofp/libc.a(lib_a-memset.o)
 .ARM.attributes
                0x000000000000039f       0x1d /opt/gcc-arm/bin/../lib/gcc/arm-none-eabi/8.2.1/thumb/v7-m/nofp/libgcc.a(_arm_addsubdf3.o)
 .ARM.attributes
                0x00000000000003bc       0x1d /opt/gcc-arm/bin/../lib/gcc/arm-none-eabi/8.2.1/thumb/v7-m/nofp/libgcc.a(_arm_muldivdf3.o)
 .ARM.attributes
                0x00000000000003d9       0x1d /opt/gcc-arm/bin/../lib/gcc/arm-none-eabi/8.2.1/thumb/v7-m/nofp/libgcc.a(_arm_cmpdf2.o)
 .ARM.attributes
                0x00000000000003f6       0x1d /opt/gcc-arm/bin/../lib/gcc/arm-none-eabi/8.2.1/thumb/v7-m/nofp/libgcc.a(_arm_fixdfsi.o)
 .ARM.attributes
                0x0000000000000413       0x1d /opt/gcc-arm/bin/../lib/gcc/arm-none-eabi/8.2.1/thumb/v7-m/nofp/libgcc.a(_arm_truncdfsf2.o)
 .ARM.attributes
                0x0000000000000430       0x1d /opt/gcc-arm/bin/../lib/gcc/arm-none-eabi/8.2.1/thumb/v7-m/nofp/libgcc.a(_arm_addsubsf3.o)
 .ARM.attributes
                0x000000000000044d       0x1d /opt/gcc-arm/bin/../lib/gcc/arm-none-eabi/8.2.1/thumb/v7-m/nofp/libgcc.a(_arm_muldivsf3.o)
 .ARM.attributes
                0x000000000000046a       0x1d /opt/gcc-arm/bin/../lib/gcc/arm-none-eabi/8.2.1/thumb/v7-m/nofp/libgcc.a(_arm_cmpsf2.o)
 .ARM.attributes
                0x0000000000000487       0x2d /home/username/stm32/stm32f103c8t6//rtos/libwwg/libwwg.a(usbcdc.o)
 .ARM.attributes
                0x00000000000004b4       0x2d /home/username/stm32/stm32f103c8t6//rtos/libwwg/libwwg.a(miniprintf.o)
 .ARM.attributes
                0x00000000000004e1       0x2d /home/username/stm32/stm32f103c8t6//rtos/libwwg/libwwg.a(mcuio.o)
 .ARM.attributes
                0x000000000000050e       0x2d /home/username/stm32/stm32f103c8t6//rtos/libwwg/libwwg.a(getline.o)
 .ARM.attributes
                0x000000000000053b       0x2d /home/username/stm32/stm32f103c8t6//rtos/libwwg/libwwg.a(uartlib.o)
 .ARM.attributes
                0x0000000000000568       0x2d /home/username/stm32/stm32f103c8t6/libopencm3/lib/libopencm3_stm32f1.a(gpio.o)
 .ARM.attributes
                0x0000000000000595       0x2d /home/username/stm32/stm32f103c8t6/libopencm3/lib/libopencm3_stm32f1.a(gpio_common_all.o)
 .ARM.attributes
                0x00000000000005c2       0x2d /home/username/stm32/stm32f103c8t6/libopencm3/lib/libopencm3_stm32f1.a(rcc.o)
 .ARM.attributes
                0x00000000000005ef       0x2d /home/username/stm32/stm32f103c8t6/libopencm3/lib/libopencm3_stm32f1.a(rcc_common_all.o)
 .ARM.attributes
                0x000000000000061c       0x2d /home/username/stm32/stm32f103c8t6/libopencm3/lib/libopencm3_stm32f1.a(spi_common_all.o)
 .ARM.attributes
                0x0000000000000649       0x2d /home/username/stm32/stm32f103c8t6/libopencm3/lib/libopencm3_stm32f1.a(spi_common_v1.o)
 .ARM.attributes
                0x0000000000000676       0x2d /home/username/stm32/stm32f103c8t6/libopencm3/lib/libopencm3_stm32f1.a(usart_common_all.o)
 .ARM.attributes
                0x00000000000006a3       0x2d /home/username/stm32/stm32f103c8t6/libopencm3/lib/libopencm3_stm32f1.a(usart_common_f124.o)
 .ARM.attributes
                0x00000000000006d0       0x2d /home/username/stm32/stm32f103c8t6/libopencm3/lib/libopencm3_stm32f1.a(usb.o)
 .ARM.attributes
                0x00000000000006fd       0x2d /home/username/stm32/stm32f103c8t6/libopencm3/lib/libopencm3_stm32f1.a(usb_control.o)
 .ARM.attributes
                0x000000000000072a       0x2d /home/username/stm32/stm32f103c8t6/libopencm3/lib/libopencm3_stm32f1.a(usb_standard.o)
 .ARM.attributes
                0x0000000000000757       0x2d /home/username/stm32/stm32f103c8t6/libopencm3/lib/libopencm3_stm32f1.a(st_usbfs_v1.o)
 .ARM.attributes
                0x0000000000000784       0x2d /home/username/stm32/stm32f103c8t6/libopencm3/lib/libopencm3_stm32f1.a(vector.o)
 .ARM.attributes
                0x00000000000007b1       0x2d /home/username/stm32/stm32f103c8t6/libopencm3/lib/libopencm3_stm32f1.a(flash_common_all.o)
 .ARM.attributes
                0x00000000000007de       0x2d /home/username/stm32/stm32f103c8t6/libopencm3/lib/libopencm3_stm32f1.a(st_usbfs_core.o)
 .ARM.attributes
                0x000000000000080b       0x2d /opt/gcc-arm/bin/../lib/gcc/arm-none-eabi/8.2.1/../../../../arm-none-eabi/lib/thumb/v7-m/nofp/libc.a(lib_a-memmove.o)
 .ARM.attributes
                0x0000000000000838       0x2d /opt/gcc-arm/bin/../lib/gcc/arm-none-eabi/8.2.1/../../../../arm-none-eabi/lib/thumb/v7-m/nofp/libc.a(lib_a-strlen-stub.o)

.debug_frame    0x0000000000000000     0x3784
 .debug_frame   0x0000000000000000       0xb8 main.o